Archive member included because of file (symbol)

d:/altera/13.1/nios2eds/bin/gnu/h-i686-mingw32/bin/../lib/gcc/nios2-elf/4.7.3\libgcc.a(_fixunsdfsi.o)
                              obj/default/inc/uart_co.o (__fixunsdfsi)
d:/altera/13.1/nios2eds/bin/gnu/h-i686-mingw32/bin/../lib/gcc/nios2-elf/4.7.3\libgcc.a(_div_sf.o)
                              obj/default/inc/uart_co.o (__divsf3)
d:/altera/13.1/nios2eds/bin/gnu/h-i686-mingw32/bin/../lib/gcc/nios2-elf/4.7.3\libgcc.a(_si_to_sf.o)
                              obj/default/inc/uart_co.o (__floatsisf)
d:/altera/13.1/nios2eds/bin/gnu/h-i686-mingw32/bin/../lib/gcc/nios2-elf/4.7.3\libgcc.a(_sf_to_df.o)
                              obj/default/main/main.o (__extendsfdf2)
d:/altera/13.1/nios2eds/bin/gnu/h-i686-mingw32/bin/../lib/gcc/nios2-elf/4.7.3\libgcc.a(_thenan_sf.o)
                              d:/altera/13.1/nios2eds/bin/gnu/h-i686-mingw32/bin/../lib/gcc/nios2-elf/4.7.3\libgcc.a(_div_sf.o) (__thenan_sf)
d:/altera/13.1/nios2eds/bin/gnu/h-i686-mingw32/bin/../lib/gcc/nios2-elf/4.7.3\libgcc.a(_addsub_df.o)
                              obj/default/inc/uart_co.o (__adddf3)
d:/altera/13.1/nios2eds/bin/gnu/h-i686-mingw32/bin/../lib/gcc/nios2-elf/4.7.3\libgcc.a(_ge_df.o)
                              d:/altera/13.1/nios2eds/bin/gnu/h-i686-mingw32/bin/../lib/gcc/nios2-elf/4.7.3\libgcc.a(_fixunsdfsi.o) (__gedf2)
d:/altera/13.1/nios2eds/bin/gnu/h-i686-mingw32/bin/../lib/gcc/nios2-elf/4.7.3\libgcc.a(_df_to_si.o)
                              d:/altera/13.1/nios2eds/bin/gnu/h-i686-mingw32/bin/../lib/gcc/nios2-elf/4.7.3\libgcc.a(_fixunsdfsi.o) (__fixdfsi)
d:/altera/13.1/nios2eds/bin/gnu/h-i686-mingw32/bin/../lib/gcc/nios2-elf/4.7.3\libgcc.a(_make_df.o)
                              d:/altera/13.1/nios2eds/bin/gnu/h-i686-mingw32/bin/../lib/gcc/nios2-elf/4.7.3\libgcc.a(_sf_to_df.o) (__make_dp)
d:/altera/13.1/nios2eds/bin/gnu/h-i686-mingw32/bin/../lib/gcc/nios2-elf/4.7.3\libgcc.a(_thenan_df.o)
                              d:/altera/13.1/nios2eds/bin/gnu/h-i686-mingw32/bin/../lib/gcc/nios2-elf/4.7.3\libgcc.a(_addsub_df.o) (__thenan_df)
d:/altera/13.1/nios2eds/bin/gnu/h-i686-mingw32/bin/../lib/gcc/nios2-elf/4.7.3\libgcc.a(_usi_to_df.o)
                              obj/default/inc/uart_co.o (__floatunsidf)
d:/altera/13.1/nios2eds/bin/gnu/h-i686-mingw32/bin/../lib/gcc/nios2-elf/4.7.3\libgcc.a(lib2-divmod.o)
                              obj/default/inc/uart_co.o (__udivsi3)
d:/altera/13.1/nios2eds/bin/gnu/h-i686-mingw32/bin/../lib/gcc/nios2-elf/4.7.3\libgcc.a(_clzsi2.o)
                              d:/altera/13.1/nios2eds/bin/gnu/h-i686-mingw32/bin/../lib/gcc/nios2-elf/4.7.3\libgcc.a(_si_to_sf.o) (__clzsi2)
d:/altera/13.1/nios2eds/bin/gnu/h-i686-mingw32/bin/../lib/gcc/nios2-elf/4.7.3\libgcc.a(_pack_sf.o)
                              d:/altera/13.1/nios2eds/bin/gnu/h-i686-mingw32/bin/../lib/gcc/nios2-elf/4.7.3\libgcc.a(_div_sf.o) (__pack_f)
d:/altera/13.1/nios2eds/bin/gnu/h-i686-mingw32/bin/../lib/gcc/nios2-elf/4.7.3\libgcc.a(_unpack_sf.o)
                              d:/altera/13.1/nios2eds/bin/gnu/h-i686-mingw32/bin/../lib/gcc/nios2-elf/4.7.3\libgcc.a(_div_sf.o) (__unpack_f)
d:/altera/13.1/nios2eds/bin/gnu/h-i686-mingw32/bin/../lib/gcc/nios2-elf/4.7.3\libgcc.a(_pack_df.o)
                              d:/altera/13.1/nios2eds/bin/gnu/h-i686-mingw32/bin/../lib/gcc/nios2-elf/4.7.3\libgcc.a(_addsub_df.o) (__pack_d)
d:/altera/13.1/nios2eds/bin/gnu/h-i686-mingw32/bin/../lib/gcc/nios2-elf/4.7.3\libgcc.a(_unpack_df.o)
                              d:/altera/13.1/nios2eds/bin/gnu/h-i686-mingw32/bin/../lib/gcc/nios2-elf/4.7.3\libgcc.a(_addsub_df.o) (__unpack_d)
d:/altera/13.1/nios2eds/bin/gnu/h-i686-mingw32/bin/../lib/gcc/nios2-elf/4.7.3\libgcc.a(_fpcmp_parts_df.o)
                              d:/altera/13.1/nios2eds/bin/gnu/h-i686-mingw32/bin/../lib/gcc/nios2-elf/4.7.3\libgcc.a(_ge_df.o) (__fpcmp_parts_d)
d:/altera/13.1/nios2eds/bin/gnu/h-i686-mingw32/bin/../lib/gcc/nios2-elf/4.7.3\libgcc.a(_lshrdi3.o)
                              d:/altera/13.1/nios2eds/bin/gnu/h-i686-mingw32/bin/../lib/gcc/nios2-elf/4.7.3\libgcc.a(_pack_df.o) (__lshrdi3)
d:/altera/13.1/nios2eds/bin/gnu/h-i686-mingw32/bin/../lib/gcc/nios2-elf/4.7.3\libgcc.a(_ashldi3.o)
                              d:/altera/13.1/nios2eds/bin/gnu/h-i686-mingw32/bin/../lib/gcc/nios2-elf/4.7.3\libgcc.a(_pack_df.o) (__ashldi3)
d:/altera/13.1/nios2eds/bin/gnu/h-i686-mingw32/bin/../lib/gcc/nios2-elf/4.7.3\libgcc.a(_clz.o)
                              d:/altera/13.1/nios2eds/bin/gnu/h-i686-mingw32/bin/../lib/gcc/nios2-elf/4.7.3\libgcc.a(_clzsi2.o) (__clz_tab)
d:/altera/13.1/nios2eds/bin/gnu/h-i686-mingw32/bin/../lib/gcc/nios2-elf/4.7.3/../../../../../H-i686-mingw32/nios2-elf/lib\libc.a(lib_a-sprintf.o)
                              obj/default/main/main.o (sprintf)
d:/altera/13.1/nios2eds/bin/gnu/h-i686-mingw32/bin/../lib/gcc/nios2-elf/4.7.3/../../../../../H-i686-mingw32/nios2-elf/lib\libc.a(lib_a-vfprintf.o)
[...]
Memory Configuration

Name             Origin             Length             Attributes
sdram_BEFORE_EXCEPTION 0x00000000         0x00000020
sdram            0x00000020         0x01ffffe0
reset            0x02001000         0x00000020
epcs_flash       0x02001020         0x000007e0
*default*        0x00000000         0xffffffff

Linker script and memory map

LOAD ../AIRTEST_bsp//obj/HAL/src/crt0.o
LOAD obj/default/inc/uart_co.o
LOAD obj/default/inc/uart_hmi.o
LOAD obj/default/inc/uart_no2.o
LOAD obj/default/inc/uart_o3.o
LOAD obj/default/inc/uart_sds011.o
LOAD obj/default/inc/uart_so2.o
LOAD obj/default/main/main.o
LOAD d:/altera/13.1/nios2eds/bin/gnu/h-i686-mingw32/bin/../lib/gcc/nios2-elf/4.7.3/../../../../../H-i686-mingw32/nios2-elf/lib\libstdc++.a
LOAD d:/altera/13.1/nios2eds/bin/gnu/h-i686-mingw32/bin/../lib/gcc/nios2-elf/4.7.3/../../../../../H-i686-mingw32/nios2-elf/lib\libm.a
LOAD d:/altera/13.1/nios2eds/bin/gnu/h-i686-mingw32/bin/../lib/gcc/nios2-elf/4.7.3\libgcc.a
START GROUP
LOAD d:/altera/13.1/nios2eds/bin/gnu/h-i686-mingw32/bin/../lib/gcc/nios2-elf/4.7.3/../../../../../H-i686-mingw32/nios2-elf/lib\libc.a
LOAD d:/altera/13.1/nios2eds/bin/gnu/h-i686-mingw32/bin/../lib/gcc/nios2-elf/4.7.3\libgcc.a
LOAD ../AIRTEST_bsp/\libhal_bsp.a
END GROUP
LOAD d:/altera/13.1/nios2eds/bin/gnu/h-i686-mingw32/bin/../lib/gcc/nios2-elf/4.7.3\libgcc.a
                0x00000000                __alt_mem_sdram = 0x0
                0x02001000                __alt_mem_epcs_flash = 0x2001000

.entry          0x02001000       0x20
 *(.entry)
 .entry         0x02001000       0x20 ../AIRTEST_bsp//obj/HAL/src/crt0.o
                0x02001000                __reset

.exceptions     0x00000020      0x198
                0x00000020                PROVIDE (__ram_exceptions_start, ABSOLUTE (.))
                0x00000020                . = ALIGN (0x20)
 *(.irq)
 *(.exceptions.entry.label)
 .exceptions.entry.label
                0x00000020        0x0 ../AIRTEST_bsp/\libhal_bsp.a(alt_irq_entry.o)
                0x00000020                alt_irq_entry
 .exceptions.entry.label
                0x00000020        0x0 ../AIRTEST_bsp/\libhal_bsp.a(alt_exception_entry.o)
                0x00000020                alt_exception
 *(.exceptions.entry.user)
 *(.exceptions.entry.ecc_fatal)
 *(.exceptions.entry)
 .exceptions.entry
                0x00000020       0x54 ../AIRTEST_bsp/\libhal_bsp.a(alt_exception_entry.o)
 *(.exceptions.irqtest.user)
 *(.exceptions.irqtest)
 .exceptions.irqtest
                0x00000074       0x10 ../AIRTEST_bsp/\libhal_bsp.a(alt_irq_entry.o)
 *(.exceptions.irqhandler.user)
 *(.exceptions.irqhandler)
 .exceptions.irqhandler
                0x00000084        0x4 ../AIRTEST_bsp/\libhal_bsp.a(alt_irq_entry.o)
 *(.exceptions.irqreturn.user)
 *(.exceptions.irqreturn)
 .exceptions.irqreturn
                0x00000088        0x4 ../AIRTEST_bsp/\libhal_bsp.a(alt_irq_entry.o)
 *(.exceptions.notirq.label)
 .exceptions.notirq.label
                0x0000008c        0x0 ../AIRTEST_bsp/\libhal_bsp.a(alt_irq_entry.o)
 *(.exceptions.notirq.user)
 *(.exceptions.notirq)
 .exceptions.notirq
                0x0000008c        0x8 ../AIRTEST_bsp/\libhal_bsp.a(alt_exception_entry.o)
 *(.exceptions.soft.user)
 *(.exceptions.soft)
 *(.exceptions.unknown.user)
 *(.exceptions.unknown)
 .exceptions.unknown
                0x00000094        0x4 ../AIRTEST_bsp/\libhal_bsp.a(alt_exception_entry.o)
 *(.exceptions.exit.label)
 .exceptions.exit.label
                0x00000098        0x0 ../AIRTEST_bsp/\libhal_bsp.a(alt_irq_entry.o)
 .exceptions.exit.label
                0x00000098        0x0 ../AIRTEST_bsp/\libhal_bsp.a(alt_exception_entry.o)
 *(.exceptions.exit.user)
 *(.exceptions.exit)
 .exceptions.exit
                0x00000098       0x54 ../AIRTEST_bsp/\libhal_bsp.a(alt_exception_entry.o)
 *(.exceptions)
 .exceptions    0x000000ec       0xcc ../AIRTEST_bsp/\libhal_bsp.a(alt_irq_handler.o)
                0x000000ec                alt_irq_handler
                0x000001b8                PROVIDE (__ram_exceptions_end, ABSOLUTE (.))
                0x00000020                PROVIDE (__flash_exceptions_start, LOADADDR (.exceptions))

.text           0x000001b8     0xfbb4
                0x000001b8                PROVIDE (stext, ABSOLUTE (.))
 *(.interp)
 *(.hash)
 *(.dynsym)
 *(.dynstr)
 *(.gnu.version)
 *(.gnu.version_d)
 *(.gnu.version_r)
 *(.rel.init)
 *(.rela.init)
 *(.rel.text .rel.text.* .rel.gnu.linkonce.t.*)
 *(.rela.text .rela.text.* .rela.gnu.linkonce.t.*)
 *(.rel.fini)
 *(.rela.fini)
 *(.rel.rodata .rel.rodata.* .rel.gnu.linkonce.r.*)
 *(.rela.rodata .rela.rodata.* .rela.gnu.linkonce.r.*)
 *(.rel.data .rel.data.* .rel.gnu.linkonce.d.*)
 *(.rela.data .rela.data.* .rela.gnu.linkonce.d.*)
 *(.rel.tdata .rel.tdata.* .rel.gnu.linkonce.td.*)
 *(.rela.tdata .rela.tdata.* .rela.gnu.linkonce.td.*)
 *(.rel.tbss .rel.tbss.* .rel.gnu.linkonce.tb.*)
 *(.rela.tbss .rela.tbss.* .rela.gnu.linkonce.tb.*)
 *(.rel.ctors)
 *(.rela.ctors)
 *(.rel.dtors)
 *(.rela.dtors)
 *(.rel.got)
 *(.rela.got)
 *(.rel.sdata .rel.sdata.* .rel.gnu.linkonce.s.*)
 *(.rela.sdata .rela.sdata.* .rela.gnu.linkonce.s.*)
 *(.rel.sbss .rel.sbss.* .rel.gnu.linkonce.sb.*)
 *(.rela.sbss .rela.sbss.* .rela.gnu.linkonce.sb.*)
 *(.rel.sdata2 .rel.sdata2.* .rel.gnu.linkonce.s2.*)
 *(.rela.sdata2 .rela.sdata2.* .rela.gnu.linkonce.s2.*)
 *(.rel.sbss2 .rel.sbss2.* .rel.gnu.linkonce.sb2.*)
 *(.rela.sbss2 .rela.sbss2.* .rela.gnu.linkonce.sb2.*)
 *(.rel.bss .rel.bss.* .rel.gnu.linkonce.b.*)
 *(.rela.bss .rela.bss.* .rela.gnu.linkonce.b.*)
 *(.rel.plt)
 *(.rela.plt)
 *(.rel.dyn)
 *(.init)
 *(.plt)
 *(.text .stub .text.* .gnu.linkonce.t.*)
 .text          0x000001b8       0x4c ../AIRTEST_bsp//obj/HAL/src/crt0.o
                0x000001b8                _start
 .text          0x00000204      0x348 obj/default/inc/uart_co.o
 .text          0x0000054c      0x1e0 obj/default/inc/uart_hmi.o
                0x0000063c                datachange
 .text          0x0000072c      0x348 obj/default/inc/uart_no2.o
 .text          0x00000a74      0x348 obj/default/inc/uart_o3.o
 .text          0x00000dbc      0x394 obj/default/inc/uart_sds011.o
 .text          0x00001150      0x3f0 obj/default/inc/uart_so2.o
 .text          0x00001540      0xc24 obj/default/main/main.o
                0x00001540                IIC_Start
                0x000015b4                IIC_Stop
                0x00001640                ack
                0x000016dc                Write_IIC_Byte
                0x0000179c                OLED_WrDat
                0x000017f8                OLED_WrCmd
                0x00001854                OLED_Set_Pos
                0x000018cc                OLED_Fill
                0x00001970                OLED_CLS
                0x00001a08                OLED_Init
                0x00001b2c                OLED_P8x16Str
                0x00001ca4                OLED_P16x16Ch
                0x00001db4                UART_Send_END
                0x00001e2c                main
 .text          0x00002164       0x84 d:/altera/13.1/nios2eds/bin/gnu/h-i686-mingw32/bin/../lib/gcc/nios2-elf/4.7.3\libgcc.a(_fixunsdfsi.o)
                0x00002164                __fixunsdfsi
 .text          0x000021e8      0x13c d:/altera/13.1/nios2eds/bin/gnu/h-i686-mingw32/bin/../lib/gcc/nios2-elf/4.7.3\libgcc.a(_div_sf.o)
                0x000021e8                __divsf3
 .text          0x00002324       0xa4 d:/altera/13.1/nios2eds/bin/gnu/h-i686-mingw32/bin/../lib/gcc/nios2-elf/4.7.3\libgcc.a(_si_to_sf.o)
                0x00002324                __floatsisf
 .text          0x000023c8       0x44 d:/altera/13.1/nios2eds/bin/gnu/h-i686-mingw32/bin/../lib/gcc/nios2-elf/4.7.3\libgcc.a(_sf_to_df.o)
                0x000023c8                __extendsfdf2
 .text          0x0000240c        0x0 d:/altera/13.1/nios2eds/bin/gnu/h-i686-mingw32/bin/../lib/gcc/nios2-elf/4.7.3\libgcc.a(_thenan_sf.o)
 .text          0x0000240c      0x408 d:/altera/13.1/nios2eds/bin/gnu/h-i686-mingw32/bin/../lib/gcc/nios2-elf/4.7.3\libgcc.a(_addsub_df.o)
                0x00002760                __adddf3
                0x000027b4                __subdf3
 .text          0x00002814       0x64 d:/altera/13.1/nios2eds/bin/gnu/h-i686-mingw32/bin/../lib/gcc/nios2-elf/4.7.3\libgcc.a(_ge_df.o)
                0x00002814                __gedf2
 .text          0x00002878       0xd4 d:/altera/13.1/nios2eds/bin/gnu/h-i686-mingw32/bin/../lib/gcc/nios2-elf/4.7.3\libgcc.a(_df_to_si.o)
                0x00002878                __fixdfsi
 .text          0x0000294c       0x38 d:/altera/13.1/nios2eds/bin/gnu/h-i686-mingw32/bin/../lib/gcc/nios2-elf/4.7.3\libgcc.a(_make_df.o)
                0x0000294c                __make_dp
 .text          0x00002984        0x0 d:/altera/13.1/nios2eds/bin/gnu/h-i686-mingw32/bin/../lib/gcc/nios2-elf/4.7.3\libgcc.a(_thenan_df.o)
 .text          0x00002984      0x11c d:/altera/13.1/nios2eds/bin/gnu/h-i686-mingw32/bin/../lib/gcc/nios2-elf/4.7.3\libgcc.a(_usi_to_df.o)
                0x00002984                __floatunsidf
 .text          0x00002aa0      0x130 d:/altera/13.1/nios2eds/bin/gnu/h-i686-mingw32/bin/../lib/gcc/nios2-elf/4.7.3\libgcc.a(lib2-divmod.o)
                0x00002b14                __divsi3
                0x00002b64                __modsi3
                0x00002bc0                __udivsi3
                0x00002bc8                __umodsi3
 .text          0x00002bd0       0xac d:/altera/13.1/nios2eds/bin/gnu/h-i686-mingw32/bin/../lib/gcc/nios2-elf/4.7.3\libgcc.a(_clzsi2.o)
                0x00002bd0                __clzsi2
 .text          0x00002c7c      0x12c d:/altera/13.1/nios2eds/bin/gnu/h-i686-mingw32/bin/../lib/gcc/nios2-elf/4.7.3\libgcc.a(_pack_sf.o)
                0x00002c7c                __pack_f
 .text          0x00002da8       0xc8 d:/altera/13.1/nios2eds/bin/gnu/h-i686-mingw32/bin/../lib/gcc/nios2-elf/4.7.3\libgcc.a(_unpack_sf.o)
                0x00002da8                __unpack_f
 .text          0x00002e70      0x224 d:/altera/13.1/nios2eds/bin/gnu/h-i686-mingw32/bin/../lib/gcc/nios2-elf/4.7.3\libgcc.a(_pack_df.o)
                0x00002e70                __pack_d
 .text          0x00003094      0x104 d:/altera/13.1/nios2eds/bin/gnu/h-i686-mingw32/bin/../lib/gcc/nios2-elf/4.7.3\libgcc.a(_unpack_df.o)
                0x00003094                __unpack_d
 .text          0x00003198       0xd0 d:/altera/13.1/nios2eds/bin/gnu/h-i686-mingw32/bin/../lib/gcc/nios2-elf/4.7.3\libgcc.a(_fpcmp_parts_df.o)
                0x00003198                __fpcmp_parts_d
 .text          0x00003268       0x44 d:/altera/13.1/nios2eds/bin/gnu/h-i686-mingw32/bin/../lib/gcc/nios2-elf/4.7.3\libgcc.a(_lshrdi3.o)
                0x00003268                __lshrdi3
 .text          0x000032ac       0x44 d:/altera/13.1/nios2eds/bin/gnu/h-i686-mingw32/bin/../lib/gcc/nios2-elf/4.7.3\libgcc.a(_ashldi3.o)
                0x000032ac                __ashldi3
 .text          0x000032f0        0x0 d:/altera/13.1/nios2eds/bin/gnu/h-i686-mingw32/bin/../lib/gcc/nios2-elf/4.7.3\libgcc.a(_clz.o)
 .text          0x000032f0       0xc4 d:/altera/13.1/nios2eds/bin/gnu/h-i686-mingw32/bin/../lib/gcc/nios2-elf/4.7.3/../../../../../H-i686-mingw32/nios2-elf/lib\libc.a(lib_a-sprintf.o)
                0x000032f0                _sprintf_r
                0x00003348                sprintf
 .text          0x000033b4     0x1e50 d:/altera/13.1/nios2eds/bin/gnu/h-i686-mingw32/bin/../lib/gcc/nios2-elf/4.7.3/../../../../../H-i686-mingw32/nios2-elf/lib\libc.a(lib_a-vfprintf.o)
                0x000033e8                ___vfprintf_internal_r
                0x000051e0                __vfprintf_internal
 .text          0x00005204      0x174 d:/altera/13.1/nios2eds/bin/gnu/h-i686-mingw32/bin/../lib/gcc/nios2-elf/4.7.3/../../../../../H-i686-mingw32/nios2-elf/lib\libc.a(lib_a-wsetup.o)
                0x00005204                __swsetup_r
 .text          0x00005378     0x1824 d:/altera/13.1/nios2eds/bin/gnu/h-i686-mingw32/bin/../lib/gcc/nios2-elf/4.7.3/../../../../../H-i686-mingw32/nios2-elf/lib\libc.a(lib_a-dtoa.o)
                0x00005580                _dtoa_r
 .text          0x00006b9c      0x218 d:/altera/13.1/nios2eds/bin/gnu/h-i686-mingw32/bin/../lib/gcc/nios2-elf/4.7.3/../../../../../H-i686-mingw32/nios2-elf/lib\libc.a(lib_a-fflush.o)
                0x00006b9c                _fflush_r
                0x00006d84                fflush
 .text          0x00006db4      0x2d8 d:/altera/13.1/nios2eds/bin/gnu/h-i686-mingw32/bin/../lib/gcc/nios2-elf/4.7.3/../../../../../H-i686-mingw32/nios2-elf/lib\libc.a(lib_a-findfp.o)
                0x00006dc4                _cleanup_r
                0x00006dd0                __sfmoreglue
                0x00006e34                _cleanup
                0x00006e44                __sinit
                0x00006f50                __sfp
                0x0000704c                __sfp_lock_acquire
                0x00007050                __sfp_lock_release
                0x00007054                __sinit_lock_acquire
                0x00007058                __sinit_lock_release
                0x0000705c                __fp_lock_all
                0x00007074                __fp_unlock_all
 .text          0x0000708c      0x40c d:/altera/13.1/nios2eds/bin/gnu/h-i686-mingw32/bin/../lib/gcc/nios2-elf/4.7.3/../../../../../H-i686-mingw32/nios2-elf/lib\libc.a(lib_a-freer.o)
                0x0000708c                _malloc_trim_r
                0x000071c8                _free_r
 .text          0x00007498      0x4e4 d:/altera/13.1/nios2eds/bin/gnu/h-i686-mingw32/bin/../lib/gcc/nios2-elf/4.7.3/../../../../../H-i686-mingw32/nios2-elf/lib\libc.a(lib_a-fvwrite.o)
                0x00007498                __sfvwrite_r
 .text          0x0000797c      0x160 d:/altera/13.1/nios2eds/bin/gnu/h-i686-mingw32/bin/../lib/gcc/nios2-elf/4.7.3/../../../../../H-i686-mingw32/nios2-elf/lib\libc.a(lib_a-fwalk.o)
                0x0000797c                _fwalk
                0x00007a24                _fwalk_reent
 .text          0x00007adc        0x0 d:/altera/13.1/nios2eds/bin/gnu/h-i686-mingw32/bin/../lib/gcc/nios2-elf/4.7.3/../../../../../H-i686-mingw32/nios2-elf/lib\libc.a(lib_a-impure.o)
 .text          0x00007adc       0xdc d:/altera/13.1/nios2eds/bin/gnu/h-i686-mingw32/bin/../lib/gcc/nios2-elf/4.7.3/../../../../../H-i686-mingw32/nios2-elf/lib\libc.a(lib_a-locale.o)
                0x00007adc                _setlocale_r
                0x00007b78                __locale_charset
                0x00007b84                _localeconv_r
                0x00007b90                setlocale
                0x00007bac                localeconv
 .text          0x00007bb8      0x1a8 d:/altera/13.1/nios2eds/bin/gnu/h-i686-mingw32/bin/../lib/gcc/nios2-elf/4.7.3/../../../../../H-i686-mingw32/nios2-elf/lib\libc.a(lib_a-makebuf.o)
                0x00007bb8                __smakebuf_r
 .text          0x00007d60      0x784 d:/altera/13.1/nios2eds/bin/gnu/h-i686-mingw32/bin/../lib/gcc/nios2-elf/4.7.3/../../../../../H-i686-mingw32/nios2-elf/lib\libc.a(lib_a-mallocr.o)
                0x00007d60                _malloc_r
 .text          0x000084e4       0xf8 d:/altera/13.1/nios2eds/bin/gnu/h-i686-mingw32/bin/../lib/gcc/nios2-elf/4.7.3/../../../../../H-i686-mingw32/nios2-elf/lib\libc.a(lib_a-memchr.o)
                0x000084e4                memchr
 .text          0x000085dc       0xf8 d:/altera/13.1/nios2eds/bin/gnu/h-i686-mingw32/bin/../lib/gcc/nios2-elf/4.7.3/../../../../../H-i686-mingw32/nios2-elf/lib\libc.a(lib_a-memcpy.o)
                0x000085dc                memcpy
 .text          0x000086d4      0x128 d:/altera/13.1/nios2eds/bin/gnu/h-i686-mingw32/bin/../lib/gcc/nios2-elf/4.7.3/../../../../../H-i686-mingw32/nios2-elf/lib\libc.a(lib_a-memmove.o)
                0x000086d4                memmove
 .text          0x000087fc       0xdc d:/altera/13.1/nios2eds/bin/gnu/h-i686-mingw32/bin/../lib/gcc/nios2-elf/4.7.3/../../../../../H-i686-mingw32/nios2-elf/lib\libc.a(lib_a-memset.o)
                0x000087fc                memset
 .text          0x000088d8      0xfa8 d:/altera/13.1/nios2eds/bin/gnu/h-i686-mingw32/bin/../lib/gcc/nios2-elf/4.7.3/../../../../../H-i686-mingw32/nios2-elf/lib\libc.a(lib_a-mprec.o)
                0x000088d8                _Balloc
                0x00008980                _Bfree
                0x000089a8                __multadd
                0x00008abc                __s2b
                0x00008bc0                __hi0bits
                0x00008c28                __lo0bits
                0x00008cd8                __i2b
                0x00008d14                __multiply
                0x00008ef4                __pow5mult
                0x00009020                __lshift
                0x0000917c                __mcmp
                0x000091d4                __mdiff
                0x0000937c                __ulp
                0x000093dc                __b2d
                0x00009524                __d2b
                0x00009668                __ratio
                0x0000970c                _mprec_log10
                0x00009780                __copybits
                0x000097fc                __any_on
 .text          0x00009880      0x5fc d:/altera/13.1/nios2eds/bin/gnu/h-i686-mingw32/bin/../lib/gcc/nios2-elf/4.7.3/../../../../../H-i686-mingw32/nios2-elf/lib\libc.a(lib_a-reallocr.o)
                0x00009880                _realloc_r
 .text          0x00009e7c       0x38 d:/altera/13.1/nios2eds/bin/gnu/h-i686-mingw32/bin/../lib/gcc/nios2-elf/4.7.3/../../../../../H-i686-mingw32/nios2-elf/lib\libc.a(lib_a-s_isinfd.o)
                0x00009e7c                __isinfd
 .text          0x00009eb4       0x2c d:/altera/13.1/nios2eds/bin/gnu/h-i686-mingw32/bin/../lib/gcc/nios2-elf/4.7.3/../../../../../H-i686-mingw32/nios2-elf/lib\libc.a(lib_a-s_isnand.o)
                0x00009eb4                __isnand
 .text          0x00009ee0       0x64 d:/altera/13.1/nios2eds/bin/gnu/h-i686-mingw32/bin/../lib/gcc/nios2-elf/4.7.3/../../../../../H-i686-mingw32/nios2-elf/lib\libc.a(lib_a-sbrkr.o)
                0x00009ee0                _sbrk_r
 .text          0x00009f44      0x140 d:/altera/13.1/nios2eds/bin/gnu/h-i686-mingw32/bin/../lib/gcc/nios2-elf/4.7.3/../../../../../H-i686-mingw32/nios2-elf/lib\libc.a(lib_a-stdio.o)
                0x00009f44                __sread
                0x00009f98                __swrite
                0x0000a020                __sseek
                0x0000a07c                __sclose
 .text          0x0000a084       0xa4 d:/altera/13.1/nios2eds/bin/gnu/h-i686-mingw32/bin/../lib/gcc/nios2-elf/4.7.3/../../../../../H-i686-mingw32/nios2-elf/lib\libc.a(lib_a-strcmp.o)
                0x0000a084                strcmp
 .text          0x0000a128       0x8c d:/altera/13.1/nios2eds/bin/gnu/h-i686-mingw32/bin/../lib/gcc/nios2-elf/4.7.3/../../../../../H-i686-mingw32/nios2-elf/lib\libc.a(lib_a-strlen.o)
                0x0000a128                strlen
 .text          0x0000a1b4       0x6c d:/altera/13.1/nios2eds/bin/gnu/h-i686-mingw32/bin/../lib/gcc/nios2-elf/4.7.3/../../../../../H-i686-mingw32/nios2-elf/lib\libc.a(lib_a-writer.o)
                0x0000a1b4                _write_r
 .text          0x0000a220       0xbc d:/altera/13.1/nios2eds/bin/gnu/h-i686-mingw32/bin/../lib/gcc/nios2-elf/4.7.3/../../../../../H-i686-mingw32/nios2-elf/lib\libc.a(lib_a-callocr.o)
                0x0000a220                _calloc_r
 .text          0x0000a2dc       0x64 d:/altera/13.1/nios2eds/bin/gnu/h-i686-mingw32/bin/../lib/gcc/nios2-elf/4.7.3/../../../../../H-i686-mingw32/nios2-elf/lib\libc.a(lib_a-closer.o)
                0x0000a2dc                _close_r
 .text          0x0000a340      0x150 d:/altera/13.1/nios2eds/bin/gnu/h-i686-mingw32/bin/../lib/gcc/nios2-elf/4.7.3/../../../../../H-i686-mingw32/nios2-elf/lib\libc.a(lib_a-fclose.o)
                0x0000a340                _fclose_r
                0x0000a47c                fclose
 .text          0x0000a490       0x68 d:/altera/13.1/nios2eds/bin/gnu/h-i686-mingw32/bin/../lib/gcc/nios2-elf/4.7.3/../../../../../H-i686-mingw32/nios2-elf/lib\libc.a(lib_a-fstatr.o)
                0x0000a490                _fstat_r
 .text          0x0000a4f8        0x0 d:/altera/13.1/nios2eds/bin/gnu/h-i686-mingw32/bin/../lib/gcc/nios2-elf/4.7.3/../../../../../H-i686-mingw32/nios2-elf/lib\libc.a(lib_a-int_errno.o)
 .text          0x0000a4f8       0x64 d:/altera/13.1/nios2eds/bin/gnu/h-i686-mingw32/bin/../lib/gcc/nios2-elf/4.7.3/../../../../../H-i686-mingw32/nios2-elf/lib\libc.a(lib_a-isattyr.o)
                0x0000a4f8                _isatty_r
 .text          0x0000a55c       0x6c d:/altera/13.1/nios2eds/bin/gnu/h-i686-mingw32/bin/../lib/gcc/nios2-elf/4.7.3/../../../../../H-i686-mingw32/nios2-elf/lib\libc.a(lib_a-lseekr.o)
                0x0000a55c                _lseek_r
 .text          0x0000a5c8       0x6c d:/altera/13.1/nios2eds/bin/gnu/h-i686-mingw32/bin/../lib/gcc/nios2-elf/4.7.3/../../../../../H-i686-mingw32/nios2-elf/lib\libc.a(lib_a-readr.o)
                0x0000a5c8                _read_r
 .text          0x0000a634      0x5c8 d:/altera/13.1/nios2eds/bin/gnu/h-i686-mingw32/bin/../lib/gcc/nios2-elf/4.7.3\libgcc.a(_udivdi3.o)
                0x0000a634                __udivdi3
 .text          0x0000abfc      0x58c d:/altera/13.1/nios2eds/bin/gnu/h-i686-mingw32/bin/../lib/gcc/nios2-elf/4.7.3\libgcc.a(_umoddi3.o)
                0x0000abfc                __umoddi3
 .text          0x0000b188      0x2e4 d:/altera/13.1/nios2eds/bin/gnu/h-i686-mingw32/bin/../lib/gcc/nios2-elf/4.7.3\libgcc.a(_mul_df.o)
                0x0000b188                __muldf3
 .text          0x0000b46c      0x1b4 d:/altera/13.1/nios2eds/bin/gnu/h-i686-mingw32/bin/../lib/gcc/nios2-elf/4.7.3\libgcc.a(_div_df.o)
                0x0000b46c                __divdf3
 .text          0x0000b620       0x5c d:/altera/13.1/nios2eds/bin/gnu/h-i686-mingw32/bin/../lib/gcc/nios2-elf/4.7.3\libgcc.a(_eq_df.o)
                0x0000b620                __eqdf2
 .text          0x0000b67c       0x5c d:/altera/13.1/nios2eds/bin/gnu/h-i686-mingw32/bin/../lib/gcc/nios2-elf/4.7.3\libgcc.a(_ne_df.o)
                0x0000b67c                __nedf2
 .text          0x0000b6d8       0x64 d:/altera/13.1/nios2eds/bin/gnu/h-i686-mingw32/bin/../lib/gcc/nios2-elf/4.7.3\libgcc.a(_gt_df.o)
                0x0000b6d8                __gtdf2
 .text          0x0000b73c       0x5c d:/altera/13.1/nios2eds/bin/gnu/h-i686-mingw32/bin/../lib/gcc/nios2-elf/4.7.3\libgcc.a(_lt_df.o)
                0x0000b73c                __ltdf2
 .text          0x0000b798       0xd4 d:/altera/13.1/nios2eds/bin/gnu/h-i686-mingw32/bin/../lib/gcc/nios2-elf/4.7.3\libgcc.a(_si_to_df.o)
                0x0000b798                __floatsidf
 .text          0x0000b86c       0x60 d:/altera/13.1/nios2eds/bin/gnu/h-i686-mingw32/bin/../lib/gcc/nios2-elf/4.7.3\libgcc.a(_muldi3.o)
                0x0000b86c                __muldi3
 .text          0x0000b8cc      0x118 ../AIRTEST_bsp/\libhal_bsp.a(alt_close.o)
                0x0000b91c                close
 .text          0x0000b9e4       0x2c ../AIRTEST_bsp/\libhal_bsp.a(alt_dev.o)
 .text          0x0000ba10        0x0 ../AIRTEST_bsp/\libhal_bsp.a(alt_errno.o)
 .text          0x0000ba10       0xfc ../AIRTEST_bsp/\libhal_bsp.a(alt_fstat.o)
                0x0000ba60                fstat
 .text          0x0000bb0c      0x1d8 ../AIRTEST_bsp/\libhal_bsp.a(alt_iic.o)
                0x0000bb0c                alt_ic_isr_register
                0x0000bb5c                alt_ic_irq_enable
                0x0000bbf8                alt_ic_irq_disable
                0x0000bc98                alt_ic_irq_enabled
 .text          0x0000bce4       0xf0 ../AIRTEST_bsp/\libhal_bsp.a(alt_iic_isr_register.o)
                0x0000bce4                alt_iic_isr_register
 .text          0x0000bdd4        0x0 ../AIRTEST_bsp/\libhal_bsp.a(alt_irq_entry.o)
 .text          0x0000bdd4        0x0 ../AIRTEST_bsp/\libhal_bsp.a(alt_irq_handler.o)
 .text          0x0000bdd4        0x0 ../AIRTEST_bsp/\libhal_bsp.a(alt_irq_vars.o)
 .text          0x0000bdd4       0xf0 ../AIRTEST_bsp/\libhal_bsp.a(alt_isatty.o)
                0x0000be24                isatty
 .text          0x0000bec4       0xec ../AIRTEST_bsp/\libhal_bsp.a(alt_load.o)
                0x0000bf30                alt_load
 .text          0x0000bfb0      0x120 ../AIRTEST_bsp/\libhal_bsp.a(alt_lseek.o)
                0x0000c000                lseek
 .text          0x0000c0d0       0x78 ../AIRTEST_bsp/\libhal_bsp.a(alt_main.o)
                0x0000c0d0                alt_main
 .text          0x0000c148       0x40 ../AIRTEST_bsp/\libhal_bsp.a(alt_malloc_lock.o)
                0x0000c148                __malloc_lock
                0x0000c168                __malloc_unlock
 .text          0x0000c188      0x140 ../AIRTEST_bsp/\libhal_bsp.a(alt_read.o)
                0x0000c1d8                read
 .text          0x0000c2c8       0x60 ../AIRTEST_bsp/\libhal_bsp.a(alt_release_fd.o)
                0x0000c2c8                alt_release_fd
 .text          0x0000c328       0xb0 ../AIRTEST_bsp/\libhal_bsp.a(alt_sbrk.o)
                0x0000c328                sbrk
 .text          0x0000c3d8       0x30 ../AIRTEST_bsp/\libhal_bsp.a(alt_usleep.o)
                0x0000c3d8                usleep
 .text          0x0000c408      0x13c ../AIRTEST_bsp/\libhal_bsp.a(alt_write.o)
                0x0000c458                write
 .text          0x0000c544      0x180 ../AIRTEST_bsp/\libhal_bsp.a(alt_sys_init.o)
                0x0000c57c                alt_irq_init
                0x0000c5b0                alt_sys_init
 .text          0x0000c6c4      0x990 ../AIRTEST_bsp/\libhal_bsp.a(altera_avalon_epcs_flash_controller.o)
                0x0000c6fc                alt_epcs_flash_init
                0x0000cac4                alt_epcs_flash_write
                0x0000cd24                alt_epcs_flash_get_info
                0x0000ce44                alt_epcs_flash_erase_block
                0x0000ceb8                alt_epcs_flash_write_block
                0x0000cfbc                alt_epcs_flash_read
 .text          0x0000d054      0x164 ../AIRTEST_bsp/\libhal_bsp.a(altera_avalon_jtag_uart_fd.o)
                0x0000d054                altera_avalon_jtag_uart_read_fd
                0x0000d0b4                altera_avalon_jtag_uart_write_fd
                0x0000d114                altera_avalon_jtag_uart_close_fd
                0x0000d164                altera_avalon_jtag_uart_ioctl_fd
 .text          0x0000d1b8      0x3d0 ../AIRTEST_bsp/\libhal_bsp.a(altera_avalon_jtag_uart_init.o)
                0x0000d1b8                altera_avalon_jtag_uart_init
                0x0000d520                altera_avalon_jtag_uart_close
 .text          0x0000d588       0xf4 ../AIRTEST_bsp/\libhal_bsp.a(altera_avalon_jtag_uart_ioctl.o)
                0x0000d588                altera_avalon_jtag_uart_ioctl
 .text          0x0000d67c      0x218 ../AIRTEST_bsp/\libhal_bsp.a(altera_avalon_jtag_uart_read.o)
                0x0000d67c                altera_avalon_jtag_uart_read
 .text          0x0000d894      0x224 ../AIRTEST_bsp/\libhal_bsp.a(altera_avalon_jtag_uart_write.o)
                0x0000d894                altera_avalon_jtag_uart_write
 .text          0x0000dab8      0x110 ../AIRTEST_bsp/\libhal_bsp.a(altera_avalon_uart_fd.o)
                0x0000dab8                altera_avalon_uart_read_fd
                0x0000db18                altera_avalon_uart_write_fd
                0x0000db78                altera_avalon_uart_close_fd
 .text          0x0000dbc8      0x3a8 ../AIRTEST_bsp/\libhal_bsp.a(altera_avalon_uart_init.o)
                0x0000dbc8                altera_avalon_uart_init
                0x0000df1c                altera_avalon_uart_close
 .text          0x0000df70      0x254 ../AIRTEST_bsp/\libhal_bsp.a(altera_avalon_uart_read.o)
                0x0000dfc0                altera_avalon_uart_read
 .text          0x0000e1c4      0x1f8 ../AIRTEST_bsp/\libhal_bsp.a(altera_avalon_uart_write.o)
                0x0000e214                altera_avalon_uart_write
 .text          0x0000e3bc      0x624 ../AIRTEST_bsp/\libhal_bsp.a(epcs_commands.o)
                0x0000e3bc                epcs_read_status_register
                0x0000e488                epcs_sector_erase
                0x0000e580                epcs_read_buffer
                0x0000e674                epcs_write_enable
                0x0000e6c4                epcs_write_status_register
                0x0000e72c                epcs_write_buffer
                0x0000e848                epcs_read_electronic_signature
                0x0000e8b0                epcs_read_device_id
                0x0000e930                epcs_enter_4_bytes_mode
                0x0000e988                epcs_exit_4_bytes_mode
 .text          0x0000e9e0      0x140 ../AIRTEST_bsp/\libhal_bsp.a(alt_alarm_start.o)
                0x0000e9e0                alt_alarm_start
 .text          0x0000eb20      0x154 ../AIRTEST_bsp/\libhal_bsp.a(alt_busy_sleep.o)
                0x0000eb20                alt_busy_sleep
 .text          0x0000ec74       0x44 ../AIRTEST_bsp/\libhal_bsp.a(alt_dcache_flush_all.o)
                0x0000ec74                alt_dcache_flush_all
 .text          0x0000ecb8       0xf0 ../AIRTEST_bsp/\libhal_bsp.a(alt_dev_llist_insert.o)
                0x0000ed08                alt_dev_llist_insert
 .text          0x0000eda8       0x5c ../AIRTEST_bsp/\libhal_bsp.a(alt_do_ctors.o)
                0x0000eda8                _do_ctors
 .text          0x0000ee04       0x5c ../AIRTEST_bsp/\libhal_bsp.a(alt_do_dtors.o)
                0x0000ee04                _do_dtors
 .text          0x0000ee60        0x0 ../AIRTEST_bsp/\libhal_bsp.a(alt_exception_entry.o)
 .text          0x0000ee60       0xb8 ../AIRTEST_bsp/\libhal_bsp.a(alt_flash_dev.o)
                0x0000ee60                alt_flash_open_dev
                0x0000eec8                alt_flash_close_dev
 .text          0x0000ef18       0x30 ../AIRTEST_bsp/\libhal_bsp.a(alt_icache_flush_all.o)
                0x0000ef18                alt_icache_flush_all
 .text          0x0000ef48      0x138 ../AIRTEST_bsp/\libhal_bsp.a(alt_io_redirect.o)
                0x0000f008                alt_io_redirect
 .text          0x0000f080      0x270 ../AIRTEST_bsp/\libhal_bsp.a(alt_open.o)
                0x0000f19c                open
 .text          0x0000f2f0      0x19c ../AIRTEST_bsp/\libhal_bsp.a(alt_tick.o)
                0x0000f2f0                alt_alarm_stop
                0x0000f388                alt_tick
 .text          0x0000f48c       0x20 ../AIRTEST_bsp/\libhal_bsp.a(altera_nios2_qsys_irq.o)
                0x0000f48c                altera_nios2_qsys_irq_init
 .text          0x0000f4ac      0x208 ../AIRTEST_bsp/\libhal_bsp.a(altera_avalon_spi.o)
                0x0000f4ac                alt_avalon_spi_command
 .text          0x0000f6b4       0x90 ../AIRTEST_bsp/\libhal_bsp.a(alt_find_dev.o)
                0x0000f6b4                alt_find_dev
 .text          0x0000f744      0x114 ../AIRTEST_bsp/\libhal_bsp.a(alt_find_file.o)
                0x0000f744                alt_find_file
 .text          0x0000f858       0xb4 ../AIRTEST_bsp/\libhal_bsp.a(alt_get_fd.o)
                0x0000f858                alt_get_fd
 .text          0x0000f90c       0x8c ../AIRTEST_bsp/\libhal_bsp.a(alt_icache_flush.o)
                0x0000f90c                alt_icache_flush
 .text          0x0000f998       0x14 d:/altera/13.1/nios2eds/bin/gnu/h-i686-mingw32/bin/../lib/gcc/nios2-elf/4.7.3/../../../../../H-i686-mingw32/nios2-elf/lib\libc.a(lib_a-atexit.o)
                0x0000f998                atexit
 .text          0x0000f9ac       0x38 d:/altera/13.1/nios2eds/bin/gnu/h-i686-mingw32/bin/../lib/gcc/nios2-elf/4.7.3/../../../../../H-i686-mingw32/nios2-elf/lib\libc.a(lib_a-exit.o)
                0x0000f9ac                exit
 .text          0x0000f9e4       0x7c d:/altera/13.1/nios2eds/bin/gnu/h-i686-mingw32/bin/../lib/gcc/nios2-elf/4.7.3/../../../../../H-i686-mingw32/nios2-elf/lib\libc.a(lib_a-memcmp.o)
                0x0000f9e4                memcmp
 .text          0x0000fa60      0x130 d:/altera/13.1/nios2eds/bin/gnu/h-i686-mingw32/bin/../lib/gcc/nios2-elf/4.7.3/../../../../../H-i686-mingw32/nios2-elf/lib\libc.a(lib_a-__atexit.o)
                0x0000fa60                __register_exitproc
 .text          0x0000fb90      0x1a0 d:/altera/13.1/nios2eds/bin/gnu/h-i686-mingw32/bin/../lib/gcc/nios2-elf/4.7.3/../../../../../H-i686-mingw32/nios2-elf/lib\libc.a(lib_a-__call_atexit.o)
                0x0000fb90                __call_exitprocs
 .text          0x0000fd30       0x3c ../AIRTEST_bsp/\libhal_bsp.a(alt_exit.o)
                0x0000fd30                _exit
 *(.gnu.warning.*)
 *(.fini)
                0x0000fd6c                PROVIDE (__etext, ABSOLUTE (.))
                0x0000fd6c                PROVIDE (_etext, ABSOLUTE (.))
                0x0000fd6c                PROVIDE (etext, ABSOLUTE (.))
 *(.eh_frame_hdr)
                0x0000fd6c                . = ALIGN (0x4)
                0x0000fd6c                PROVIDE (__preinit_array_start, ABSOLUTE (.))
 *(.preinit_array)
                0x0000fd6c                PROVIDE (__preinit_array_end, ABSOLUTE (.))
                0x0000fd6c                PROVIDE (__init_array_start, ABSOLUTE (.))
 *(.init_array)
                0x0000fd6c                PROVIDE (__init_array_end, ABSOLUTE (.))
                0x0000fd6c                PROVIDE (__fini_array_start, ABSOLUTE (.))
 *(.fini_array)
                0x0000fd6c                PROVIDE (__fini_array_end, ABSOLUTE (.))
 *(.eh_frame)
 *(.gcc_except_table .gcc_except_table.*)
 *(.dynamic)
                0x0000fd6c                PROVIDE (__CTOR_LIST__, ABSOLUTE (.))
 *(.ctors)
 *(SORT(.ctors.*))
                0x0000fd6c                PROVIDE (__CTOR_END__, ABSOLUTE (.))
                0x0000fd6c                PROVIDE (__DTOR_LIST__, ABSOLUTE (.))
 *(.dtors)
 *(SORT(.dtors.*))
                0x0000fd6c                PROVIDE (__DTOR_END__, ABSOLUTE (.))
 *(.jcr)
                0x0000fd6c                . = ALIGN (0x4)

.rodata         0x0000fd6c      0x668
                0x0000fd6c                PROVIDE (__ram_rodata_start, ABSOLUTE (.))
                0x0000fd6c                . = ALIGN (0x4)
 *(.rodata .rodata.* .gnu.linkonce.r.*)
 .rodata        0x0000fd6c      0x2c8 obj/default/main/main.o
                0x0000fd6c                F6x8
 .rodata        0x00010034       0x10 d:/altera/13.1/nios2eds/bin/gnu/h-i686-mingw32/bin/../lib/gcc/nios2-elf/4.7.3\libgcc.a(_thenan_sf.o)
                0x00010034                __thenan_sf
 .rodata        0x00010044       0x14 d:/altera/13.1/nios2eds/bin/gnu/h-i686-mingw32/bin/../lib/gcc/nios2-elf/4.7.3\libgcc.a(_thenan_df.o)
                0x00010044                __thenan_df
 .rodata        0x00010058      0x100 d:/altera/13.1/nios2eds/bin/gnu/h-i686-mingw32/bin/../lib/gcc/nios2-elf/4.7.3\libgcc.a(_clz.o)
                0x00010058                __clz_tab
 .rodata.str1.4
                0x00010158       0x42 d:/altera/13.1/nios2eds/bin/gnu/h-i686-mingw32/bin/../lib/gcc/nios2-elf/4.7.3/../../../../../H-i686-mingw32/nios2-elf/lib\libc.a(lib_a-vfprintf.o)
                                 0x44 (size before relaxing)
 .rodata        0x0001019a       0x20 d:/altera/13.1/nios2eds/bin/gnu/h-i686-mingw32/bin/../lib/gcc/nios2-elf/4.7.3/../../../../../H-i686-mingw32/nios2-elf/lib\libc.a(lib_a-vfprintf.o)
 *fill*         0x000101ba        0x2 
 .rodata.str1.4
                0x000101bc       0x10 d:/altera/13.1/nios2eds/bin/gnu/h-i686-mingw32/bin/../lib/gcc/nios2-elf/4.7.3/../../../../../H-i686-mingw32/nios2-elf/lib\libc.a(lib_a-dtoa.o)
                                 0x14 (size before relaxing)
 .rodata.str1.4
                0x000101cc        0x2 d:/altera/13.1/nios2eds/bin/gnu/h-i686-mingw32/bin/../lib/gcc/nios2-elf/4.7.3/../../../../../H-i686-mingw32/nios2-elf/lib\libc.a(lib_a-impure.o)
                                  0x4 (size before relaxing)
 *fill*         0x000101ce        0x2 
 .rodata.str1.4
                0x000101d0       0x10 d:/altera/13.1/nios2eds/bin/gnu/h-i686-mingw32/bin/../lib/gcc/nios2-elf/4.7.3/../../../../../H-i686-mingw32/nios2-elf/lib\libc.a(lib_a-locale.o)
                                 0x18 (size before relaxing)
 .rodata        0x000101e0       0x30 d:/altera/13.1/nios2eds/bin/gnu/h-i686-mingw32/bin/../lib/gcc/nios2-elf/4.7.3/../../../../../H-i686-mingw32/nios2-elf/lib\libc.a(lib_a-locale.o)
 .rodata        0x00010210      0x124 d:/altera/13.1/nios2eds/bin/gnu/h-i686-mingw32/bin/../lib/gcc/nios2-elf/4.7.3/../../../../../H-i686-mingw32/nios2-elf/lib\libc.a(lib_a-mprec.o)
                0x00010210                __mprec_tinytens
                0x00010238                __mprec_bigtens
                0x00010260                __mprec_tens
 .rodata        0x00010334        0xc ../AIRTEST_bsp/\libhal_bsp.a(alt_dev.o)
 .rodata        0x00010340       0x10 ../AIRTEST_bsp/\libhal_bsp.a(alt_main.o)
 .rodata        0x00010350       0x84 ../AIRTEST_bsp/\libhal_bsp.a(alt_sys_init.o)
 *(.rodata1)
                0x000103d4                . = ALIGN (0x4)
                0x000103d4                PROVIDE (__ram_rodata_end, ABSOLUTE (.))
                0x0000fd6c                PROVIDE (__flash_rodata_start, LOADADDR (.rodata))

.rwdata         0x000103d4     0x2e68 load address 0x0001323c
                0x000103d4                PROVIDE (__ram_rwdata_start, ABSOLUTE (.))
                0x000103d4                . = ALIGN (0x4)
 *(.got.plt)
 *(.got)
 *(.data1)
 *(.data .data.* .gnu.linkonce.d.*)
 .data          0x000103d4        0x0 ../AIRTEST_bsp//obj/HAL/src/crt0.o
 .data          0x000103d4       0xe4 obj/default/inc/uart_co.o
                0x000103d4                uart_co
 .data          0x000104b8       0x14 obj/default/inc/uart_hmi.o
                0x000104b8                uart_hmi
 .data          0x000104cc       0xe4 obj/default/inc/uart_no2.o
                0x000104cc                uart_no2
 .data          0x000105b0       0xe4 obj/default/inc/uart_o3.o
                0x000105b0                uart_o3
 .data          0x00010694       0xe8 obj/default/inc/uart_sds011.o
                0x00010694                uart_sds011
 .data          0x0001077c       0xec obj/default/inc/uart_so2.o
                0x0001077c                uart_so2
 .data          0x00010868      0xa10 obj/default/main/main.o
                0x00010868                F16x16
                0x00010c88                F8X16
 .data          0x00011278        0x0 d:/altera/13.1/nios2eds/bin/gnu/h-i686-mingw32/bin/../lib/gcc/nios2-elf/4.7.3\libgcc.a(_fixunsdfsi.o)
 .data          0x00011278        0x0 d:/altera/13.1/nios2eds/bin/gnu/h-i686-mingw32/bin/../lib/gcc/nios2-elf/4.7.3\libgcc.a(_div_sf.o)
 .data          0x00011278        0x0 d:/altera/13.1/nios2eds/bin/gnu/h-i686-mingw32/bin/../lib/gcc/nios2-elf/4.7.3\libgcc.a(_si_to_sf.o)
 .data          0x00011278        0x0 d:/altera/13.1/nios2eds/bin/gnu/h-i686-mingw32/bin/../lib/gcc/nios2-elf/4.7.3\libgcc.a(_sf_to_df.o)
 .data          0x00011278        0x0 d:/altera/13.1/nios2eds/bin/gnu/h-i686-mingw32/bin/../lib/gcc/nios2-elf/4.7.3\libgcc.a(_thenan_sf.o)
 .data          0x00011278        0x0 d:/altera/13.1/nios2eds/bin/gnu/h-i686-mingw32/bin/../lib/gcc/nios2-elf/4.7.3\libgcc.a(_addsub_df.o)
 .data          0x00011278        0x0 d:/altera/13.1/nios2eds/bin/gnu/h-i686-mingw32/bin/../lib/gcc/nios2-elf/4.7.3\libgcc.a(_ge_df.o)
 .data          0x00011278        0x0 d:/altera/13.1/nios2eds/bin/gnu/h-i686-mingw32/bin/../lib/gcc/nios2-elf/4.7.3\libgcc.a(_df_to_si.o)
 .data          0x00011278        0x0 d:/altera/13.1/nios2eds/bin/gnu/h-i686-mingw32/bin/../lib/gcc/nios2-elf/4.7.3\libgcc.a(_make_df.o)
 .data          0x00011278        0x0 d:/altera/13.1/nios2eds/bin/gnu/h-i686-mingw32/bin/../lib/gcc/nios2-elf/4.7.3\libgcc.a(_thenan_df.o)
 .data          0x00011278        0x0 d:/altera/13.1/nios2eds/bin/gnu/h-i686-mingw32/bin/../lib/gcc/nios2-elf/4.7.3\libgcc.a(_usi_to_df.o)
 .data          0x00011278        0x0 d:/altera/13.1/nios2eds/bin/gnu/h-i686-mingw32/bin/../lib/gcc/nios2-elf/4.7.3\libgcc.a(lib2-divmod.o)
 .data          0x00011278        0x0 d:/altera/13.1/nios2eds/bin/gnu/h-i686-mingw32/bin/../lib/gcc/nios2-elf/4.7.3\libgcc.a(_clzsi2.o)
 .data          0x00011278        0x0 d:/altera/13.1/nios2eds/bin/gnu/h-i686-mingw32/bin/../lib/gcc/nios2-elf/4.7.3\libgcc.a(_pack_sf.o)
 .data          0x00011278        0x0 d:/altera/13.1/nios2eds/bin/gnu/h-i686-mingw32/bin/../lib/gcc/nios2-elf/4.7.3\libgcc.a(_unpack_sf.o)
 .data          0x00011278        0x0 d:/altera/13.1/nios2eds/bin/gnu/h-i686-mingw32/bin/../lib/gcc/nios2-elf/4.7.3\libgcc.a(_pack_df.o)
 .data          0x00011278        0x0 d:/altera/13.1/nios2eds/bin/gnu/h-i686-mingw32/bin/../lib/gcc/nios2-elf/4.7.3\libgcc.a(_unpack_df.o)
 .data          0x00011278        0x0 d:/altera/13.1/nios2eds/bin/gnu/h-i686-mingw32/bin/../lib/gcc/nios2-elf/4.7.3\libgcc.a(_fpcmp_parts_df.o)
 .data          0x00011278        0x0 d:/altera/13.1/nios2eds/bin/gnu/h-i686-mingw32/bin/../lib/gcc/nios2-elf/4.7.3\libgcc.a(_lshrdi3.o)
 .data          0x00011278        0x0 d:/altera/13.1/nios2eds/bin/gnu/h-i686-mingw32/bin/../lib/gcc/nios2-elf/4.7.3\libgcc.a(_ashldi3.o)
 .data          0x00011278        0x0 d:/altera/13.1/nios2eds/bin/gnu/h-i686-mingw32/bin/../lib/gcc/nios2-elf/4.7.3\libgcc.a(_clz.o)
 .data          0x00011278        0x0 d:/altera/13.1/nios2eds/bin/gnu/h-i686-mingw32/bin/../lib/gcc/nios2-elf/4.7.3/../../../../../H-i686-mingw32/nios2-elf/lib\libc.a(lib_a-sprintf.o)
 .data          0x00011278        0x0 d:/altera/13.1/nios2eds/bin/gnu/h-i686-mingw32/bin/../lib/gcc/nios2-elf/4.7.3/../../../../../H-i686-mingw32/nios2-elf/lib\libc.a(lib_a-vfprintf.o)
 .data          0x00011278        0x0 d:/altera/13.1/nios2eds/bin/gnu/h-i686-mingw32/bin/../lib/gcc/nios2-elf/4.7.3/../../../../../H-i686-mingw32/nios2-elf/lib\libc.a(lib_a-wsetup.o)
 .data          0x00011278        0x0 d:/altera/13.1/nios2eds/bin/gnu/h-i686-mingw32/bin/../lib/gcc/nios2-elf/4.7.3/../../../../../H-i686-mingw32/nios2-elf/lib\libc.a(lib_a-dtoa.o)
 .data          0x00011278        0x0 d:/altera/13.1/nios2eds/bin/gnu/h-i686-mingw32/bin/../lib/gcc/nios2-elf/4.7.3/../../../../../H-i686-mingw32/nios2-elf/lib\libc.a(lib_a-fflush.o)
 .data          0x00011278        0x0 d:/altera/13.1/nios2eds/bin/gnu/h-i686-mingw32/bin/../lib/gcc/nios2-elf/4.7.3/../../../../../H-i686-mingw32/nios2-elf/lib\libc.a(lib_a-findfp.o)
 .data          0x00011278        0x0 d:/altera/13.1/nios2eds/bin/gnu/h-i686-mingw32/bin/../lib/gcc/nios2-elf/4.7.3/../../../../../H-i686-mingw32/nios2-elf/lib\libc.a(lib_a-freer.o)
 .data          0x00011278        0x0 d:/altera/13.1/nios2eds/bin/gnu/h-i686-mingw32/bin/../lib/gcc/nios2-elf/4.7.3/../../../../../H-i686-mingw32/nios2-elf/lib\libc.a(lib_a-fvwrite.o)
 .data          0x00011278        0x0 d:/altera/13.1/nios2eds/bin/gnu/h-i686-mingw32/bin/../lib/gcc/nios2-elf/4.7.3/../../../../../H-i686-mingw32/nios2-elf/lib\libc.a(lib_a-fwalk.o)
 .data          0x00011278      0x400 d:/altera/13.1/nios2eds/bin/gnu/h-i686-mingw32/bin/../lib/gcc/nios2-elf/4.7.3/../../../../../H-i686-mingw32/nios2-elf/lib\libc.a(lib_a-impure.o)
 .data          0x00011678        0xc d:/altera/13.1/nios2eds/bin/gnu/h-i686-mingw32/bin/../lib/gcc/nios2-elf/4.7.3/../../../../../H-i686-mingw32/nios2-elf/lib\libc.a(lib_a-locale.o)
                0x00011678                __lc_ctype
 .data          0x00011684        0x0 d:/altera/13.1/nios2eds/bin/gnu/h-i686-mingw32/bin/../lib/gcc/nios2-elf/4.7.3/../../../../../H-i686-mingw32/nios2-elf/lib\libc.a(lib_a-makebuf.o)
 .data          0x00011684      0x408 d:/altera/13.1/nios2eds/bin/gnu/h-i686-mingw32/bin/../lib/gcc/nios2-elf/4.7.3/../../../../../H-i686-mingw32/nios2-elf/lib\libc.a(lib_a-mallocr.o)
                0x00011684                __malloc_av_
 .data          0x00011a8c        0x0 d:/altera/13.1/nios2eds/bin/gnu/h-i686-mingw32/bin/../lib/gcc/nios2-elf/4.7.3/../../../../../H-i686-mingw32/nios2-elf/lib\libc.a(lib_a-memchr.o)
 .data          0x00011a8c        0x0 d:/altera/13.1/nios2eds/bin/gnu/h-i686-mingw32/bin/../lib/gcc/nios2-elf/4.7.3/../../../../../H-i686-mingw32/nios2-elf/lib\libc.a(lib_a-memcpy.o)
 .data          0x00011a8c        0x0 d:/altera/13.1/nios2eds/bin/gnu/h-i686-mingw32/bin/../lib/gcc/nios2-elf/4.7.3/../../../../../H-i686-mingw32/nios2-elf/lib\libc.a(lib_a-memmove.o)
 .data          0x00011a8c        0x0 d:/altera/13.1/nios2eds/bin/gnu/h-i686-mingw32/bin/../lib/gcc/nios2-elf/4.7.3/../../../../../H-i686-mingw32/nios2-elf/lib\libc.a(lib_a-memset.o)
 .data          0x00011a8c        0x0 d:/altera/13.1/nios2eds/bin/gnu/h-i686-mingw32/bin/../lib/gcc/nios2-elf/4.7.3/../../../../../H-i686-mingw32/nios2-elf/lib\libc.a(lib_a-mprec.o)
 .data          0x00011a8c        0x0 d:/altera/13.1/nios2eds/bin/gnu/h-i686-mingw32/bin/../lib/gcc/nios2-elf/4.7.3/../../../../../H-i686-mingw32/nios2-elf/lib\libc.a(lib_a-reallocr.o)
 .data          0x00011a8c        0x0 d:/altera/13.1/nios2eds/bin/gnu/h-i686-mingw32/bin/../lib/gcc/nios2-elf/4.7.3/../../../../../H-i686-mingw32/nios2-elf/lib\libc.a(lib_a-s_isinfd.o)
 .data          0x00011a8c        0x0 d:/altera/13.1/nios2eds/bin/gnu/h-i686-mingw32/bin/../lib/gcc/nios2-elf/4.7.3/../../../../../H-i686-mingw32/nios2-elf/lib\libc.a(lib_a-s_isnand.o)
 .data          0x00011a8c        0x0 d:/altera/13.1/nios2eds/bin/gnu/h-i686-mingw32/bin/../lib/gcc/nios2-elf/4.7.3/../../../../../H-i686-mingw32/nios2-elf/lib\libc.a(lib_a-sbrkr.o)
 .data          0x00011a8c        0x0 d:/altera/13.1/nios2eds/bin/gnu/h-i686-mingw32/bin/../lib/gcc/nios2-elf/4.7.3/../../../../../H-i686-mingw32/nios2-elf/lib\libc.a(lib_a-stdio.o)
 .data          0x00011a8c        0x0 d:/altera/13.1/nios2eds/bin/gnu/h-i686-mingw32/bin/../lib/gcc/nios2-elf/4.7.3/../../../../../H-i686-mingw32/nios2-elf/lib\libc.a(lib_a-strcmp.o)
 .data          0x00011a8c        0x0 d:/altera/13.1/nios2eds/bin/gnu/h-i686-mingw32/bin/../lib/gcc/nios2-elf/4.7.3/../../../../../H-i686-mingw32/nios2-elf/lib\libc.a(lib_a-strlen.o)
 .data          0x00011a8c        0x0 d:/altera/13.1/nios2eds/bin/gnu/h-i686-mingw32/bin/../lib/gcc/nios2-elf/4.7.3/../../../../../H-i686-mingw32/nios2-elf/lib\libc.a(lib_a-writer.o)
 .data          0x00011a8c        0x0 d:/altera/13.1/nios2eds/bin/gnu/h-i686-mingw32/bin/../lib/gcc/nios2-elf/4.7.3/../../../../../H-i686-mingw32/nios2-elf/lib\libc.a(lib_a-callocr.o)
 .data          0x00011a8c        0x0 d:/altera/13.1/nios2eds/bin/gnu/h-i686-mingw32/bin/../lib/gcc/nios2-elf/4.7.3/../../../../../H-i686-mingw32/nios2-elf/lib\libc.a(lib_a-closer.o)
 .data          0x00011a8c        0x0 d:/altera/13.1/nios2eds/bin/gnu/h-i686-mingw32/bin/../lib/gcc/nios2-elf/4.7.3/../../../../../H-i686-mingw32/nios2-elf/lib\libc.a(lib_a-fclose.o)
 .data          0x00011a8c        0x0 d:/altera/13.1/nios2eds/bin/gnu/h-i686-mingw32/bin/../lib/gcc/nios2-elf/4.7.3/../../../../../H-i686-mingw32/nios2-elf/lib\libc.a(lib_a-fstatr.o)
 .data          0x00011a8c        0x0 d:/altera/13.1/nios2eds/bin/gnu/h-i686-mingw32/bin/../lib/gcc/nios2-elf/4.7.3/../../../../../H-i686-mingw32/nios2-elf/lib\libc.a(lib_a-int_errno.o)
 .data          0x00011a8c        0x0 d:/altera/13.1/nios2eds/bin/gnu/h-i686-mingw32/bin/../lib/gcc/nios2-elf/4.7.3/../../../../../H-i686-mingw32/nios2-elf/lib\libc.a(lib_a-isattyr.o)
 .data          0x00011a8c        0x0 d:/altera/13.1/nios2eds/bin/gnu/h-i686-mingw32/bin/../lib/gcc/nios2-elf/4.7.3/../../../../../H-i686-mingw32/nios2-elf/lib\libc.a(lib_a-lseekr.o)
 .data          0x00011a8c        0x0 d:/altera/13.1/nios2eds/bin/gnu/h-i686-mingw32/bin/../lib/gcc/nios2-elf/4.7.3/../../../../../H-i686-mingw32/nios2-elf/lib\libc.a(lib_a-readr.o)
 .data          0x00011a8c        0x0 d:/altera/13.1/nios2eds/bin/gnu/h-i686-mingw32/bin/../lib/gcc/nios2-elf/4.7.3\libgcc.a(_udivdi3.o)
 .data          0x00011a8c        0x0 d:/altera/13.1/nios2eds/bin/gnu/h-i686-mingw32/bin/../lib/gcc/nios2-elf/4.7.3\libgcc.a(_umoddi3.o)
 .data          0x00011a8c        0x0 d:/altera/13.1/nios2eds/bin/gnu/h-i686-mingw32/bin/../lib/gcc/nios2-elf/4.7.3\libgcc.a(_mul_df.o)
 .data          0x00011a8c        0x0 d:/altera/13.1/nios2eds/bin/gnu/h-i686-mingw32/bin/../lib/gcc/nios2-elf/4.7.3\libgcc.a(_div_df.o)
 .data          0x00011a8c        0x0 d:/altera/13.1/nios2eds/bin/gnu/h-i686-mingw32/bin/../lib/gcc/nios2-elf/4.7.3\libgcc.a(_eq_df.o)
 .data          0x00011a8c        0x0 d:/altera/13.1/nios2eds/bin/gnu/h-i686-mingw32/bin/../lib/gcc/nios2-elf/4.7.3\libgcc.a(_ne_df.o)
 .data          0x00011a8c        0x0 d:/altera/13.1/nios2eds/bin/gnu/h-i686-mingw32/bin/../lib/gcc/nios2-elf/4.7.3\libgcc.a(_gt_df.o)
 .data          0x00011a8c        0x0 d:/altera/13.1/nios2eds/bin/gnu/h-i686-mingw32/bin/../lib/gcc/nios2-elf/4.7.3\libgcc.a(_lt_df.o)
 .data          0x00011a8c        0x0 d:/altera/13.1/nios2eds/bin/gnu/h-i686-mingw32/bin/../lib/gcc/nios2-elf/4.7.3\libgcc.a(_si_to_df.o)
 .data          0x00011a8c        0x0 d:/altera/13.1/nios2eds/bin/gnu/h-i686-mingw32/bin/../lib/gcc/nios2-elf/4.7.3\libgcc.a(_muldi3.o)
 .data          0x00011a8c        0x0 ../AIRTEST_bsp/\libhal_bsp.a(alt_close.o)
 .data          0x00011a8c      0x1a8 ../AIRTEST_bsp/\libhal_bsp.a(alt_dev.o)
                0x00011a8c                alt_dev_null
                0x00011ab4                alt_fd_list
 .data          0x00011c34        0x0 ../AIRTEST_bsp/\libhal_bsp.a(alt_errno.o)
 .data          0x00011c34        0x0 ../AIRTEST_bsp/\libhal_bsp.a(alt_fstat.o)
 .data          0x00011c34        0x0 ../AIRTEST_bsp/\libhal_bsp.a(alt_iic.o)
 .data          0x00011c34        0x0 ../AIRTEST_bsp/\libhal_bsp.a(alt_iic_isr_register.o)
 .data          0x00011c34        0x0 ../AIRTEST_bsp/\libhal_bsp.a(alt_irq_entry.o)
 .data          0x00011c34        0x0 ../AIRTEST_bsp/\libhal_bsp.a(alt_irq_handler.o)
 .data          0x00011c34        0x0 ../AIRTEST_bsp/\libhal_bsp.a(alt_irq_vars.o)
 .data          0x00011c34        0x0 ../AIRTEST_bsp/\libhal_bsp.a(alt_isatty.o)
 .data          0x00011c34        0x0 ../AIRTEST_bsp/\libhal_bsp.a(alt_load.o)
 .data          0x00011c34        0x0 ../AIRTEST_bsp/\libhal_bsp.a(alt_lseek.o)
 .data          0x00011c34        0x0 ../AIRTEST_bsp/\libhal_bsp.a(alt_main.o)
 .data          0x00011c34        0x0 ../AIRTEST_bsp/\libhal_bsp.a(alt_malloc_lock.o)
 .data          0x00011c34        0x0 ../AIRTEST_bsp/\libhal_bsp.a(alt_read.o)
 .data          0x00011c34        0x0 ../AIRTEST_bsp/\libhal_bsp.a(alt_release_fd.o)
 .data          0x00011c34        0x0 ../AIRTEST_bsp/\libhal_bsp.a(alt_sbrk.o)
 .data          0x00011c34        0x0 ../AIRTEST_bsp/\libhal_bsp.a(alt_usleep.o)
 .data          0x00011c34        0x0 ../AIRTEST_bsp/\libhal_bsp.a(alt_write.o)
 .data          0x00011c34     0x15c0 ../AIRTEST_bsp/\libhal_bsp.a(alt_sys_init.o)
 .data          0x000131f4        0x0 ../AIRTEST_bsp/\libhal_bsp.a(altera_avalon_epcs_flash_controller.o)
 .data          0x000131f4        0x0 ../AIRTEST_bsp/\libhal_bsp.a(altera_avalon_jtag_uart_fd.o)
 .data          0x000131f4        0x0 ../AIRTEST_bsp/\libhal_bsp.a(altera_avalon_jtag_uart_init.o)
 .data          0x000131f4        0x0 ../AIRTEST_bsp/\libhal_bsp.a(altera_avalon_jtag_uart_ioctl.o)
 .data          0x000131f4        0x0 ../AIRTEST_bsp/\libhal_bsp.a(altera_avalon_jtag_uart_read.o)
 .data          0x000131f4        0x0 ../AIRTEST_bsp/\libhal_bsp.a(altera_avalon_jtag_uart_write.o)
 .data          0x000131f4        0x0 ../AIRTEST_bsp/\libhal_bsp.a(altera_avalon_uart_fd.o)
 .data          0x000131f4        0x0 ../AIRTEST_bsp/\libhal_bsp.a(altera_avalon_uart_init.o)
 .data          0x000131f4        0x0 ../AIRTEST_bsp/\libhal_bsp.a(altera_avalon_uart_read.o)
 .data          0x000131f4        0x0 ../AIRTEST_bsp/\libhal_bsp.a(altera_avalon_uart_write.o)
 .data          0x000131f4        0x0 ../AIRTEST_bsp/\libhal_bsp.a(epcs_commands.o)
 .data          0x000131f4        0x0 ../AIRTEST_bsp/\libhal_bsp.a(alt_alarm_start.o)
 .data          0x000131f4        0x0 ../AIRTEST_bsp/\libhal_bsp.a(alt_busy_sleep.o)
 .data          0x000131f4        0x0 ../AIRTEST_bsp/\libhal_bsp.a(alt_dcache_flush_all.o)
 .data          0x000131f4        0x0 ../AIRTEST_bsp/\libhal_bsp.a(alt_dev_llist_insert.o)
 .data          0x000131f4        0x0 ../AIRTEST_bsp/\libhal_bsp.a(alt_do_ctors.o)
 .data          0x000131f4        0x0 ../AIRTEST_bsp/\libhal_bsp.a(alt_do_dtors.o)
 .data          0x000131f4        0x0 ../AIRTEST_bsp/\libhal_bsp.a(alt_exception_entry.o)
 .data          0x000131f4        0x0 ../AIRTEST_bsp/\libhal_bsp.a(alt_flash_dev.o)
 .data          0x000131f4        0x0 ../AIRTEST_bsp/\libhal_bsp.a(alt_icache_flush_all.o)
 .data          0x000131f4        0x0 ../AIRTEST_bsp/\libhal_bsp.a(alt_io_redirect.o)
 .data          0x000131f4        0x0 ../AIRTEST_bsp/\libhal_bsp.a(alt_open.o)
 .data          0x000131f4        0x0 ../AIRTEST_bsp/\libhal_bsp.a(alt_tick.o)
 .data          0x000131f4        0x0 ../AIRTEST_bsp/\libhal_bsp.a(altera_nios2_qsys_irq.o)
 .data          0x000131f4        0x0 ../AIRTEST_bsp/\libhal_bsp.a(altera_avalon_spi.o)
 .data          0x000131f4        0x0 ../AIRTEST_bsp/\libhal_bsp.a(alt_find_dev.o)
 .data          0x000131f4        0x0 ../AIRTEST_bsp/\libhal_bsp.a(alt_find_file.o)
 .data          0x000131f4        0x0 ../AIRTEST_bsp/\libhal_bsp.a(alt_get_fd.o)
 .data          0x000131f4        0x0 ../AIRTEST_bsp/\libhal_bsp.a(alt_icache_flush.o)
 .data          0x000131f4        0x0 d:/altera/13.1/nios2eds/bin/gnu/h-i686-mingw32/bin/../lib/gcc/nios2-elf/4.7.3/../../../../../H-i686-mingw32/nios2-elf/lib\libc.a(lib_a-atexit.o)
 .data          0x000131f4        0x0 d:/altera/13.1/nios2eds/bin/gnu/h-i686-mingw32/bin/../lib/gcc/nios2-elf/4.7.3/../../../../../H-i686-mingw32/nios2-elf/lib\libc.a(lib_a-exit.o)
 .data          0x000131f4        0x0 d:/altera/13.1/nios2eds/bin/gnu/h-i686-mingw32/bin/../lib/gcc/nios2-elf/4.7.3/../../../../../H-i686-mingw32/nios2-elf/lib\libc.a(lib_a-memcmp.o)
 .data          0x000131f4        0x0 d:/altera/13.1/nios2eds/bin/gnu/h-i686-mingw32/bin/../lib/gcc/nios2-elf/4.7.3/../../../../../H-i686-mingw32/nios2-elf/lib\libc.a(lib_a-__atexit.o)
 .data          0x000131f4        0x0 d:/altera/13.1/nios2eds/bin/gnu/h-i686-mingw32/bin/../lib/gcc/nios2-elf/4.7.3/../../../../../H-i686-mingw32/nios2-elf/lib\libc.a(lib_a-__call_atexit.o)
 .data          0x000131f4        0x0 ../AIRTEST_bsp/\libhal_bsp.a(alt_exit.o)
                0x0001b1f4                _gp = ABSOLUTE ((. + 0x8000))
                0x0001b1f4                PROVIDE (gp, _gp)
 *(.rwdata .rwdata.*)
 *(.sdata .sdata.* .gnu.linkonce.s.*)
 .sdata         0x000131f4        0x1 obj/default/main/main.o
                0x000131f4                endoff
 *fill*         0x000131f5        0x3 
 .sdata         0x000131f8        0x8 d:/altera/13.1/nios2eds/bin/gnu/h-i686-mingw32/bin/../lib/gcc/nios2-elf/4.7.3/../../../../../H-i686-mingw32/nios2-elf/lib\libc.a(lib_a-impure.o)
                0x000131f8                _global_impure_ptr
                0x000131fc                _impure_ptr
 .sdata         0x00013200        0x4 d:/altera/13.1/nios2eds/bin/gnu/h-i686-mingw32/bin/../lib/gcc/nios2-elf/4.7.3/../../../../../H-i686-mingw32/nios2-elf/lib\libc.a(lib_a-locale.o)
                0x00013200                __mb_cur_max
 .sdata         0x00013204        0x8 d:/altera/13.1/nios2eds/bin/gnu/h-i686-mingw32/bin/../lib/gcc/nios2-elf/4.7.3/../../../../../H-i686-mingw32/nios2-elf/lib\libc.a(lib_a-mallocr.o)
                0x00013204                __malloc_sbrk_base
                0x00013208                __malloc_trim_threshold
 .sdata         0x0001320c       0x14 ../AIRTEST_bsp/\libhal_bsp.a(alt_dev.o)
                0x0001320c                alt_fs_list
                0x00013214                alt_dev_list
                0x0001321c                alt_max_fd
 .sdata         0x00013220        0x4 ../AIRTEST_bsp/\libhal_bsp.a(alt_errno.o)
                0x00013220                alt_errno
 .sdata         0x00013224        0x4 ../AIRTEST_bsp/\libhal_bsp.a(alt_irq_vars.o)
                0x00013224                alt_priority_mask
 .sdata         0x00013228        0x4 ../AIRTEST_bsp/\libhal_bsp.a(alt_sbrk.o)
 .sdata         0x0001322c        0x8 ../AIRTEST_bsp/\libhal_bsp.a(alt_flash_dev.o)
                0x0001322c                alt_flash_dev_list
 .sdata         0x00013234        0x8 ../AIRTEST_bsp/\libhal_bsp.a(alt_tick.o)
                0x00013234                alt_alarm_list
 *(.sdata2 .sdata2.* .gnu.linkonce.s2.*)
                0x0001323c                . = ALIGN (0x4)
                0x0001323c                _edata = ABSOLUTE (.)
                0x0001323c                PROVIDE (edata, ABSOLUTE (.))
                0x0001323c                PROVIDE (__ram_rwdata_end, ABSOLUTE (.))
                0x0001323c                PROVIDE (__flash_rwdata_start, LOADADDR (.rwdata))

.bss            0x000160a4      0x30c
                0x000160a4                __bss_start = ABSOLUTE (.)
                0x000160a4                PROVIDE (__sbss_start, ABSOLUTE (.))
                0x000160a4                PROVIDE (___sbss_start, ABSOLUTE (.))
 *(.dynsbss)
 *(.sbss .sbss.* .gnu.linkonce.sb.*)
 .sbss          0x000160a4        0xc d:/altera/13.1/nios2eds/bin/gnu/h-i686-mingw32/bin/../lib/gcc/nios2-elf/4.7.3/../../../../../H-i686-mingw32/nios2-elf/lib\libc.a(lib_a-locale.o)
                0x000160a4                _PathLocale
                0x000160a8                __mlocale_changed
                0x000160ac                __nlocale_changed
 .sbss          0x000160b0        0xc d:/altera/13.1/nios2eds/bin/gnu/h-i686-mingw32/bin/../lib/gcc/nios2-elf/4.7.3/../../../../../H-i686-mingw32/nios2-elf/lib\libc.a(lib_a-mallocr.o)
                0x000160b0                __malloc_max_total_mem
                0x000160b4                __malloc_max_sbrked_mem
                0x000160b8                __malloc_top_pad
 .sbss          0x000160bc        0x4 d:/altera/13.1/nios2eds/bin/gnu/h-i686-mingw32/bin/../lib/gcc/nios2-elf/4.7.3/../../../../../H-i686-mingw32/nios2-elf/lib\libc.a(lib_a-int_errno.o)
                0x000160bc                errno
 .sbss          0x000160c0        0x4 ../AIRTEST_bsp/\libhal_bsp.a(alt_irq_vars.o)
                0x000160c0                alt_irq_active
 .sbss          0x000160c4        0xc ../AIRTEST_bsp/\libhal_bsp.a(alt_main.o)
                0x000160c4                alt_argc
                0x000160c8                alt_argv
                0x000160cc                alt_envp
 .sbss          0x000160d0        0x8 ../AIRTEST_bsp/\libhal_bsp.a(alt_tick.o)
                0x000160d0                _alt_tick_rate
                0x000160d4                _alt_nticks
 *(.sbss2 .sbss2.* .gnu.linkonce.sb2.*)
 *(.scommon)
                0x000160d8                PROVIDE (__sbss_end, ABSOLUTE (.))
                0x000160d8                PROVIDE (___sbss_end, ABSOLUTE (.))
 *(.dynbss)
 *(.bss .bss.* .gnu.linkonce.b.*)
 .bss           0x000160d8        0x0 ../AIRTEST_bsp//obj/HAL/src/crt0.o
 .bss           0x000160d8        0x0 obj/default/inc/uart_co.o
 .bss           0x000160d8        0x0 obj/default/inc/uart_hmi.o
 .bss           0x000160d8        0x0 obj/default/inc/uart_no2.o
 .bss           0x000160d8        0x0 obj/default/inc/uart_o3.o
 .bss           0x000160d8        0x0 obj/default/inc/uart_sds011.o
 .bss           0x000160d8        0x0 obj/default/inc/uart_so2.o
 .bss           0x000160d8        0x0 obj/default/main/main.o
 .bss           0x000160d8        0x0 d:/altera/13.1/nios2eds/bin/gnu/h-i686-mingw32/bin/../lib/gcc/nios2-elf/4.7.3\libgcc.a(_fixunsdfsi.o)
 .bss           0x000160d8        0x0 d:/altera/13.1/nios2eds/bin/gnu/h-i686-mingw32/bin/../lib/gcc/nios2-elf/4.7.3\libgcc.a(_div_sf.o)
 .bss           0x000160d8        0x0 d:/altera/13.1/nios2eds/bin/gnu/h-i686-mingw32/bin/../lib/gcc/nios2-elf/4.7.3\libgcc.a(_si_to_sf.o)
 .bss           0x000160d8        0x0 d:/altera/13.1/nios2eds/bin/gnu/h-i686-mingw32/bin/../lib/gcc/nios2-elf/4.7.3\libgcc.a(_sf_to_df.o)
 .bss           0x000160d8        0x0 d:/altera/13.1/nios2eds/bin/gnu/h-i686-mingw32/bin/../lib/gcc/nios2-elf/4.7.3\libgcc.a(_thenan_sf.o)
 .bss           0x000160d8        0x0 d:/altera/13.1/nios2eds/bin/gnu/h-i686-mingw32/bin/../lib/gcc/nios2-elf/4.7.3\libgcc.a(_addsub_df.o)
 .bss           0x000160d8        0x0 d:/altera/13.1/nios2eds/bin/gnu/h-i686-mingw32/bin/../lib/gcc/nios2-elf/4.7.3\libgcc.a(_ge_df.o)
 .bss           0x000160d8        0x0 d:/altera/13.1/nios2eds/bin/gnu/h-i686-mingw32/bin/../lib/gcc/nios2-elf/4.7.3\libgcc.a(_df_to_si.o)
 .bss           0x000160d8        0x0 d:/altera/13.1/nios2eds/bin/gnu/h-i686-mingw32/bin/../lib/gcc/nios2-elf/4.7.3\libgcc.a(_make_df.o)
 .bss           0x000160d8        0x0 d:/altera/13.1/nios2eds/bin/gnu/h-i686-mingw32/bin/../lib/gcc/nios2-elf/4.7.3\libgcc.a(_thenan_df.o)
 .bss           0x000160d8        0x0 d:/altera/13.1/nios2eds/bin/gnu/h-i686-mingw32/bin/../lib/gcc/nios2-elf/4.7.3\libgcc.a(_usi_to_df.o)
 .bss           0x000160d8        0x0 d:/altera/13.1/nios2eds/bin/gnu/h-i686-mingw32/bin/../lib/gcc/nios2-elf/4.7.3\libgcc.a(lib2-divmod.o)
 .bss           0x000160d8        0x0 d:/altera/13.1/nios2eds/bin/gnu/h-i686-mingw32/bin/../lib/gcc/nios2-elf/4.7.3\libgcc.a(_clzsi2.o)
 .bss           0x000160d8        0x0 d:/altera/13.1/nios2eds/bin/gnu/h-i686-mingw32/bin/../lib/gcc/nios2-elf/4.7.3\libgcc.a(_pack_sf.o)
 .bss           0x000160d8        0x0 d:/altera/13.1/nios2eds/bin/gnu/h-i686-mingw32/bin/../lib/gcc/nios2-elf/4.7.3\libgcc.a(_unpack_sf.o)
 .bss           0x000160d8        0x0 d:/altera/13.1/nios2eds/bin/gnu/h-i686-mingw32/bin/../lib/gcc/nios2-elf/4.7.3\libgcc.a(_pack_df.o)
 .bss           0x000160d8        0x0 d:/altera/13.1/nios2eds/bin/gnu/h-i686-mingw32/bin/../lib/gcc/nios2-elf/4.7.3\libgcc.a(_unpack_df.o)
 .bss           0x000160d8        0x0 d:/altera/13.1/nios2eds/bin/gnu/h-i686-mingw32/bin/../lib/gcc/nios2-elf/4.7.3\libgcc.a(_fpcmp_parts_df.o)
 .bss           0x000160d8        0x0 d:/altera/13.1/nios2eds/bin/gnu/h-i686-mingw32/bin/../lib/gcc/nios2-elf/4.7.3\libgcc.a(_lshrdi3.o)
 .bss           0x000160d8        0x0 d:/altera/13.1/nios2eds/bin/gnu/h-i686-mingw32/bin/../lib/gcc/nios2-elf/4.7.3\libgcc.a(_ashldi3.o)
 .bss           0x000160d8        0x0 d:/altera/13.1/nios2eds/bin/gnu/h-i686-mingw32/bin/../lib/gcc/nios2-elf/4.7.3\libgcc.a(_clz.o)
 .bss           0x000160d8        0x0 d:/altera/13.1/nios2eds/bin/gnu/h-i686-mingw32/bin/../lib/gcc/nios2-elf/4.7.3/../../../../../H-i686-mingw32/nios2-elf/lib\libc.a(lib_a-sprintf.o)
 .bss           0x000160d8        0x0 d:/altera/13.1/nios2eds/bin/gnu/h-i686-mingw32/bin/../lib/gcc/nios2-elf/4.7.3/../../../../../H-i686-mingw32/nios2-elf/lib\libc.a(lib_a-vfprintf.o)
 .bss           0x000160d8        0x0 d:/altera/13.1/nios2eds/bin/gnu/h-i686-mingw32/bin/../lib/gcc/nios2-elf/4.7.3/../../../../../H-i686-mingw32/nios2-elf/lib\libc.a(lib_a-wsetup.o)
 .bss           0x000160d8        0x0 d:/altera/13.1/nios2eds/bin/gnu/h-i686-mingw32/bin/../lib/gcc/nios2-elf/4.7.3/../../../../../H-i686-mingw32/nios2-elf/lib\libc.a(lib_a-dtoa.o)
 .bss           0x000160d8        0x0 d:/altera/13.1/nios2eds/bin/gnu/h-i686-mingw32/bin/../lib/gcc/nios2-elf/4.7.3/../../../../../H-i686-mingw32/nios2-elf/lib\libc.a(lib_a-fflush.o)
 .bss           0x000160d8        0x0 d:/altera/13.1/nios2eds/bin/gnu/h-i686-mingw32/bin/../lib/gcc/nios2-elf/4.7.3/../../../../../H-i686-mingw32/nios2-elf/lib\libc.a(lib_a-findfp.o)
 .bss           0x000160d8        0x0 d:/altera/13.1/nios2eds/bin/gnu/h-i686-mingw32/bin/../lib/gcc/nios2-elf/4.7.3/../../../../../H-i686-mingw32/nios2-elf/lib\libc.a(lib_a-freer.o)
 .bss           0x000160d8        0x0 d:/altera/13.1/nios2eds/bin/gnu/h-i686-mingw32/bin/../lib/gcc/nios2-elf/4.7.3/../../../../../H-i686-mingw32/nios2-elf/lib\libc.a(lib_a-fvwrite.o)
 .bss           0x000160d8        0x0 d:/altera/13.1/nios2eds/bin/gnu/h-i686-mingw32/bin/../lib/gcc/nios2-elf/4.7.3/../../../../../H-i686-mingw32/nios2-elf/lib\libc.a(lib_a-fwalk.o)
 .bss           0x000160d8        0x0 d:/altera/13.1/nios2eds/bin/gnu/h-i686-mingw32/bin/../lib/gcc/nios2-elf/4.7.3/../../../../../H-i686-mingw32/nios2-elf/lib\libc.a(lib_a-impure.o)
 .bss           0x000160d8        0x0 d:/altera/13.1/nios2eds/bin/gnu/h-i686-mingw32/bin/../lib/gcc/nios2-elf/4.7.3/../../../../../H-i686-mingw32/nios2-elf/lib\libc.a(lib_a-locale.o)
 .bss           0x000160d8        0x0 d:/altera/13.1/nios2eds/bin/gnu/h-i686-mingw32/bin/../lib/gcc/nios2-elf/4.7.3/../../../../../H-i686-mingw32/nios2-elf/lib\libc.a(lib_a-makebuf.o)
 .bss           0x000160d8       0x28 d:/altera/13.1/nios2eds/bin/gnu/h-i686-mingw32/bin/../lib/gcc/nios2-elf/4.7.3/../../../../../H-i686-mingw32/nios2-elf/lib\libc.a(lib_a-mallocr.o)
                0x000160d8                __malloc_current_mallinfo
 .bss           0x00016100        0x0 d:/altera/13.1/nios2eds/bin/gnu/h-i686-mingw32/bin/../lib/gcc/nios2-elf/4.7.3/../../../../../H-i686-mingw32/nios2-elf/lib\libc.a(lib_a-memchr.o)
 .bss           0x00016100        0x0 d:/altera/13.1/nios2eds/bin/gnu/h-i686-mingw32/bin/../lib/gcc/nios2-elf/4.7.3/../../../../../H-i686-mingw32/nios2-elf/lib\libc.a(lib_a-memcpy.o)
 .bss           0x00016100        0x0 d:/altera/13.1/nios2eds/bin/gnu/h-i686-mingw32/bin/../lib/gcc/nios2-elf/4.7.3/../../../../../H-i686-mingw32/nios2-elf/lib\libc.a(lib_a-memmove.o)
 .bss           0x00016100        0x0 d:/altera/13.1/nios2eds/bin/gnu/h-i686-mingw32/bin/../lib/gcc/nios2-elf/4.7.3/../../../../../H-i686-mingw32/nios2-elf/lib\libc.a(lib_a-memset.o)
 .bss           0x00016100        0x0 d:/altera/13.1/nios2eds/bin/gnu/h-i686-mingw32/bin/../lib/gcc/nios2-elf/4.7.3/../../../../../H-i686-mingw32/nios2-elf/lib\libc.a(lib_a-mprec.o)
 .bss           0x00016100        0x0 d:/altera/13.1/nios2eds/bin/gnu/h-i686-mingw32/bin/../lib/gcc/nios2-elf/4.7.3/../../../../../H-i686-mingw32/nios2-elf/lib\libc.a(lib_a-reallocr.o)
 .bss           0x00016100        0x0 d:/altera/13.1/nios2eds/bin/gnu/h-i686-mingw32/bin/../lib/gcc/nios2-elf/4.7.3/../../../../../H-i686-mingw32/nios2-elf/lib\libc.a(lib_a-s_isinfd.o)
 .bss           0x00016100        0x0 d:/altera/13.1/nios2eds/bin/gnu/h-i686-mingw32/bin/../lib/gcc/nios2-elf/4.7.3/../../../../../H-i686-mingw32/nios2-elf/lib\libc.a(lib_a-s_isnand.o)
 .bss           0x00016100        0x0 d:/altera/13.1/nios2eds/bin/gnu/h-i686-mingw32/bin/../lib/gcc/nios2-elf/4.7.3/../../../../../H-i686-mingw32/nios2-elf/lib\libc.a(lib_a-sbrkr.o)
 .bss           0x00016100        0x0 d:/altera/13.1/nios2eds/bin/gnu/h-i686-mingw32/bin/../lib/gcc/nios2-elf/4.7.3/../../../../../H-i686-mingw32/nios2-elf/lib\libc.a(lib_a-stdio.o)
 .bss           0x00016100        0x0 d:/altera/13.1/nios2eds/bin/gnu/h-i686-mingw32/bin/../lib/gcc/nios2-elf/4.7.3/../../../../../H-i686-mingw32/nios2-elf/lib\libc.a(lib_a-strcmp.o)
 .bss           0x00016100        0x0 d:/altera/13.1/nios2eds/bin/gnu/h-i686-mingw32/bin/../lib/gcc/nios2-elf/4.7.3/../../../../../H-i686-mingw32/nios2-elf/lib\libc.a(lib_a-strlen.o)
 .bss           0x00016100        0x0 d:/altera/13.1/nios2eds/bin/gnu/h-i686-mingw32/bin/../lib/gcc/nios2-elf/4.7.3/../../../../../H-i686-mingw32/nios2-elf/lib\libc.a(lib_a-writer.o)
 .bss           0x00016100        0x0 d:/altera/13.1/nios2eds/bin/gnu/h-i686-mingw32/bin/../lib/gcc/nios2-elf/4.7.3/../../../../../H-i686-mingw32/nios2-elf/lib\libc.a(lib_a-callocr.o)
 .bss           0x00016100        0x0 d:/altera/13.1/nios2eds/bin/gnu/h-i686-mingw32/bin/../lib/gcc/nios2-elf/4.7.3/../../../../../H-i686-mingw32/nios2-elf/lib\libc.a(lib_a-closer.o)
 .bss           0x00016100        0x0 d:/altera/13.1/nios2eds/bin/gnu/h-i686-mingw32/bin/../lib/gcc/nios2-elf/4.7.3/../../../../../H-i686-mingw32/nios2-elf/lib\libc.a(lib_a-fclose.o)
 .bss           0x00016100        0x0 d:/altera/13.1/nios2eds/bin/gnu/h-i686-mingw32/bin/../lib/gcc/nios2-elf/4.7.3/../../../../../H-i686-mingw32/nios2-elf/lib\libc.a(lib_a-fstatr.o)
 .bss           0x00016100        0x0 d:/altera/13.1/nios2eds/bin/gnu/h-i686-mingw32/bin/../lib/gcc/nios2-elf/4.7.3/../../../../../H-i686-mingw32/nios2-elf/lib\libc.a(lib_a-int_errno.o)
 .bss           0x00016100        0x0 d:/altera/13.1/nios2eds/bin/gnu/h-i686-mingw32/bin/../lib/gcc/nios2-elf/4.7.3/../../../../../H-i686-mingw32/nios2-elf/lib\libc.a(lib_a-isattyr.o)
 .bss           0x00016100        0x0 d:/altera/13.1/nios2eds/bin/gnu/h-i686-mingw32/bin/../lib/gcc/nios2-elf/4.7.3/../../../../../H-i686-mingw32/nios2-elf/lib\libc.a(lib_a-lseekr.o)
 .bss           0x00016100        0x0 d:/altera/13.1/nios2eds/bin/gnu/h-i686-mingw32/bin/../lib/gcc/nios2-elf/4.7.3/../../../../../H-i686-mingw32/nios2-elf/lib\libc.a(lib_a-readr.o)
 .bss           0x00016100        0x0 d:/altera/13.1/nios2eds/bin/gnu/h-i686-mingw32/bin/../lib/gcc/nios2-elf/4.7.3\libgcc.a(_udivdi3.o)
 .bss           0x00016100        0x0 d:/altera/13.1/nios2eds/bin/gnu/h-i686-mingw32/bin/../lib/gcc/nios2-elf/4.7.3\libgcc.a(_umoddi3.o)
 .bss           0x00016100        0x0 d:/altera/13.1/nios2eds/bin/gnu/h-i686-mingw32/bin/../lib/gcc/nios2-elf/4.7.3\libgcc.a(_mul_df.o)
 .bss           0x00016100        0x0 d:/altera/13.1/nios2eds/bin/gnu/h-i686-mingw32/bin/../lib/gcc/nios2-elf/4.7.3\libgcc.a(_div_df.o)
 .bss           0x00016100        0x0 d:/altera/13.1/nios2eds/bin/gnu/h-i686-mingw32/bin/../lib/gcc/nios2-elf/4.7.3\libgcc.a(_eq_df.o)
 .bss           0x00016100        0x0 d:/altera/13.1/nios2eds/bin/gnu/h-i686-mingw32/bin/../lib/gcc/nios2-elf/4.7.3\libgcc.a(_ne_df.o)
 .bss           0x00016100        0x0 d:/altera/13.1/nios2eds/bin/gnu/h-i686-mingw32/bin/../lib/gcc/nios2-elf/4.7.3\libgcc.a(_gt_df.o)
 .bss           0x00016100        0x0 d:/altera/13.1/nios2eds/bin/gnu/h-i686-mingw32/bin/../lib/gcc/nios2-elf/4.7.3\libgcc.a(_lt_df.o)
 .bss           0x00016100        0x0 d:/altera/13.1/nios2eds/bin/gnu/h-i686-mingw32/bin/../lib/gcc/nios2-elf/4.7.3\libgcc.a(_si_to_df.o)
 .bss           0x00016100        0x0 d:/altera/13.1/nios2eds/bin/gnu/h-i686-mingw32/bin/../lib/gcc/nios2-elf/4.7.3\libgcc.a(_muldi3.o)
 .bss           0x00016100        0x0 ../AIRTEST_bsp/\libhal_bsp.a(alt_close.o)
 .bss           0x00016100        0x0 ../AIRTEST_bsp/\libhal_bsp.a(alt_dev.o)
 .bss           0x00016100        0x0 ../AIRTEST_bsp/\libhal_bsp.a(alt_errno.o)
 .bss           0x00016100        0x0 ../AIRTEST_bsp/\libhal_bsp.a(alt_fstat.o)
 .bss           0x00016100        0x0 ../AIRTEST_bsp/\libhal_bsp.a(alt_iic.o)
 .bss           0x00016100        0x0 ../AIRTEST_bsp/\libhal_bsp.a(alt_iic_isr_register.o)
 .bss           0x00016100        0x0 ../AIRTEST_bsp/\libhal_bsp.a(alt_irq_entry.o)
 .bss           0x00016100        0x0 ../AIRTEST_bsp/\libhal_bsp.a(alt_irq_handler.o)
 .bss           0x00016100        0x0 ../AIRTEST_bsp/\libhal_bsp.a(alt_irq_vars.o)
 .bss           0x00016100        0x0 ../AIRTEST_bsp/\libhal_bsp.a(alt_isatty.o)
 .bss           0x00016100        0x0 ../AIRTEST_bsp/\libhal_bsp.a(alt_load.o)
 .bss           0x00016100        0x0 ../AIRTEST_bsp/\libhal_bsp.a(alt_lseek.o)
 .bss           0x00016100        0x0 ../AIRTEST_bsp/\libhal_bsp.a(alt_main.o)
 .bss           0x00016100        0x0 ../AIRTEST_bsp/\libhal_bsp.a(alt_malloc_lock.o)
 .bss           0x00016100        0x0 ../AIRTEST_bsp/\libhal_bsp.a(alt_read.o)
 .bss           0x00016100        0x0 ../AIRTEST_bsp/\libhal_bsp.a(alt_release_fd.o)
 .bss           0x00016100        0x0 ../AIRTEST_bsp/\libhal_bsp.a(alt_sbrk.o)
 .bss           0x00016100        0x0 ../AIRTEST_bsp/\libhal_bsp.a(alt_usleep.o)
 .bss           0x00016100        0x0 ../AIRTEST_bsp/\libhal_bsp.a(alt_write.o)
 .bss           0x00016100        0x0 ../AIRTEST_bsp/\libhal_bsp.a(alt_sys_init.o)
 .bss           0x00016100        0x0 ../AIRTEST_bsp/\libhal_bsp.a(altera_avalon_epcs_flash_controller.o)
 .bss           0x00016100        0x0 ../AIRTEST_bsp/\libhal_bsp.a(altera_avalon_jtag_uart_fd.o)
 .bss           0x00016100        0x0 ../AIRTEST_bsp/\libhal_bsp.a(altera_avalon_jtag_uart_init.o)
 .bss           0x00016100        0x0 ../AIRTEST_bsp/\libhal_bsp.a(altera_avalon_jtag_uart_ioctl.o)
 .bss           0x00016100        0x0 ../AIRTEST_bsp/\libhal_bsp.a(altera_avalon_jtag_uart_read.o)
 .bss           0x00016100        0x0 ../AIRTEST_bsp/\libhal_bsp.a(altera_avalon_jtag_uart_write.o)
 .bss           0x00016100        0x0 ../AIRTEST_bsp/\libhal_bsp.a(altera_avalon_uart_fd.o)
 .bss           0x00016100        0x0 ../AIRTEST_bsp/\libhal_bsp.a(altera_avalon_uart_init.o)
 .bss           0x00016100        0x0 ../AIRTEST_bsp/\libhal_bsp.a(altera_avalon_uart_read.o)
 .bss           0x00016100        0x0 ../AIRTEST_bsp/\libhal_bsp.a(altera_avalon_uart_write.o)
 .bss           0x00016100        0x0 ../AIRTEST_bsp/\libhal_bsp.a(epcs_commands.o)
 .bss           0x00016100        0x0 ../AIRTEST_bsp/\libhal_bsp.a(alt_alarm_start.o)
 .bss           0x00016100        0x0 ../AIRTEST_bsp/\libhal_bsp.a(alt_busy_sleep.o)
 .bss           0x00016100        0x0 ../AIRTEST_bsp/\libhal_bsp.a(alt_dcache_flush_all.o)
 .bss           0x00016100        0x0 ../AIRTEST_bsp/\libhal_bsp.a(alt_dev_llist_insert.o)
 .bss           0x00016100        0x0 ../AIRTEST_bsp/\libhal_bsp.a(alt_do_ctors.o)
 .bss           0x00016100        0x0 ../AIRTEST_bsp/\libhal_bsp.a(alt_do_dtors.o)
 .bss           0x00016100        0x0 ../AIRTEST_bsp/\libhal_bsp.a(alt_exception_entry.o)
 .bss           0x00016100        0x0 ../AIRTEST_bsp/\libhal_bsp.a(alt_flash_dev.o)
 .bss           0x00016100        0x0 ../AIRTEST_bsp/\libhal_bsp.a(alt_icache_flush_all.o)
 .bss           0x00016100        0x0 ../AIRTEST_bsp/\libhal_bsp.a(alt_io_redirect.o)
 .bss           0x00016100        0x0 ../AIRTEST_bsp/\libhal_bsp.a(alt_open.o)
 .bss           0x00016100        0x0 ../AIRTEST_bsp/\libhal_bsp.a(alt_tick.o)
 .bss           0x00016100        0x0 ../AIRTEST_bsp/\libhal_bsp.a(altera_nios2_qsys_irq.o)
 .bss           0x00016100        0x0 ../AIRTEST_bsp/\libhal_bsp.a(altera_avalon_spi.o)
 .bss           0x00016100        0x0 ../AIRTEST_bsp/\libhal_bsp.a(alt_find_dev.o)
 .bss           0x00016100        0x0 ../AIRTEST_bsp/\libhal_bsp.a(alt_find_file.o)
 .bss           0x00016100        0x0 ../AIRTEST_bsp/\libhal_bsp.a(alt_get_fd.o)
 .bss           0x00016100        0x0 ../AIRTEST_bsp/\libhal_bsp.a(alt_icache_flush.o)
 .bss           0x00016100        0x0 d:/altera/13.1/nios2eds/bin/gnu/h-i686-mingw32/bin/../lib/gcc/nios2-elf/4.7.3/../../../../../H-i686-mingw32/nios2-elf/lib\libc.a(lib_a-atexit.o)
 .bss           0x00016100        0x0 d:/altera/13.1/nios2eds/bin/gnu/h-i686-mingw32/bin/../lib/gcc/nios2-elf/4.7.3/../../../../../H-i686-mingw32/nios2-elf/lib\libc.a(lib_a-exit.o)
 .bss           0x00016100        0x0 d:/altera/13.1/nios2eds/bin/gnu/h-i686-mingw32/bin/../lib/gcc/nios2-elf/4.7.3/../../../../../H-i686-mingw32/nios2-elf/lib\libc.a(lib_a-memcmp.o)
 .bss           0x00016100        0x0 d:/altera/13.1/nios2eds/bin/gnu/h-i686-mingw32/bin/../lib/gcc/nios2-elf/4.7.3/../../../../../H-i686-mingw32/nios2-elf/lib\libc.a(lib_a-__atexit.o)
 .bss           0x00016100        0x0 d:/altera/13.1/nios2eds/bin/gnu/h-i686-mingw32/bin/../lib/gcc/nios2-elf/4.7.3/../../../../../H-i686-mingw32/nios2-elf/lib\libc.a(lib_a-__call_atexit.o)
 .bss           0x00016100        0x0 ../AIRTEST_bsp/\libhal_bsp.a(alt_exit.o)
 *(COMMON)
 COMMON         0x00016100       0x20 obj/default/main/main.o
                0x00016100                temp
 COMMON         0x00016120      0x100 ../AIRTEST_bsp/\libhal_bsp.a(alt_irq_handler.o)
                0x00016120                alt_irq
 COMMON         0x00016220      0x190 d:/altera/13.1/nios2eds/bin/gnu/h-i686-mingw32/bin/../lib/gcc/nios2-elf/4.7.3/../../../../../H-i686-mingw32/nios2-elf/lib\libc.a(lib_a-atexit.o)
                0x00016220                _atexit0
                0x000163b0                . = ALIGN (0x4)
                0x000163b0                __bss_end = ABSOLUTE (.)

.sdram          0x000163b0        0x0
                0x000163b0                PROVIDE (_alt_partition_sdram_start, ABSOLUTE (.))
 *(.sdram .sdram. sdram.*)
                0x000163b0                . = ALIGN (0x4)
                0x000163b0                PROVIDE (_alt_partition_sdram_end, ABSOLUTE (.))
                0x000163b0                _end = ABSOLUTE (.)
                0x000163b0                end = ABSOLUTE (.)
                0x000163b0                __alt_stack_base = ABSOLUTE (.)
                0x000163b0                PROVIDE (_alt_partition_sdram_load_addr, LOADADDR (.sdram))

.epcs_flash     0x02001020        0x0 load address 0x000163b0
                0x02001020                PROVIDE (_alt_partition_epcs_flash_start, ABSOLUTE (.))
 *(.epcs_flash .epcs_flash. epcs_flash.*)
                0x02001020                . = ALIGN (0x4)
                0x02001020                PROVIDE (_alt_partition_epcs_flash_end, ABSOLUTE (.))
                0x000163b0                PROVIDE (_alt_partition_epcs_flash_load_addr, LOADADDR (.epcs_flash))

.stab
 *(.stab)

.stabstr
 *(.stabstr)

.stab.excl
 *(.stab.excl)

.stab.exclstr
 *(.stab.exclstr)

.stab.index
 *(.stab.index)

.stab.indexstr
 *(.stab.indexstr)

.comment        0x00000000       0x23
 *(.comment)
 .comment       0x00000000       0x23 obj/default/inc/uart_co.o
                                 0x24 (size before relaxing)
 .comment       0x00000000       0x24 obj/default/inc/uart_hmi.o
 .comment       0x00000000       0x24 obj/default/inc/uart_no2.o
 .comment       0x00000000       0x24 obj/default/inc/uart_o3.o
 .comment       0x00000000       0x24 obj/default/inc/uart_sds011.o
 .comment       0x00000000       0x24 obj/default/inc/uart_so2.o
 .comment       0x00000000       0x24 obj/default/main/main.o
 .comment       0x00000000       0x24 d:/altera/13.1/nios2eds/bin/gnu/h-i686-mingw32/bin/../lib/gcc/nios2-elf/4.7.3\libgcc.a(_fixunsdfsi.o)
 .comment       0x00000000       0x24 d:/altera/13.1/nios2eds/bin/gnu/h-i686-mingw32/bin/../lib/gcc/nios2-elf/4.7.3\libgcc.a(_div_sf.o)
 .comment       0x00000000       0x24 d:/altera/13.1/nios2eds/bin/gnu/h-i686-mingw32/bin/../lib/gcc/nios2-elf/4.7.3\libgcc.a(_si_to_sf.o)
 .comment       0x00000000       0x24 d:/altera/13.1/nios2eds/bin/gnu/h-i686-mingw32/bin/../lib/gcc/nios2-elf/4.7.3\libgcc.a(_sf_to_df.o)
 .comment       0x00000000       0x24 d:/altera/13.1/nios2eds/bin/gnu/h-i686-mingw32/bin/../lib/gcc/nios2-elf/4.7.3\libgcc.a(_thenan_sf.o)
 .comment       0x00000000       0x24 d:/altera/13.1/nios2eds/bin/gnu/h-i686-mingw32/bin/../lib/gcc/nios2-elf/4.7.3\libgcc.a(_addsub_df.o)
 .comment       0x00000000       0x24 d:/altera/13.1/nios2eds/bin/gnu/h-i686-mingw32/bin/../lib/gcc/nios2-elf/4.7.3\libgcc.a(_ge_df.o)
 .comment       0x00000000       0x24 d:/altera/13.1/nios2eds/bin/gnu/h-i686-mingw32/bin/../lib/gcc/nios2-elf/4.7.3\libgcc.a(_df_to_si.o)
 .comment       0x00000000       0x24 d:/altera/13.1/nios2eds/bin/gnu/h-i686-mingw32/bin/../lib/gcc/nios2-elf/4.7.3\libgcc.a(_make_df.o)
 .comment       0x00000000       0x24 d:/altera/13.1/nios2eds/bin/gnu/h-i686-mingw32/bin/../lib/gcc/nios2-elf/4.7.3\libgcc.a(_thenan_df.o)
 .comment       0x00000000       0x24 d:/altera/13.1/nios2eds/bin/gnu/h-i686-mingw32/bin/../lib/gcc/nios2-elf/4.7.3\libgcc.a(_usi_to_df.o)
 .comment       0x00000000       0x24 d:/altera/13.1/nios2eds/bin/gnu/h-i686-mingw32/bin/../lib/gcc/nios2-elf/4.7.3\libgcc.a(lib2-divmod.o)
 .comment       0x00000000       0x24 d:/altera/13.1/nios2eds/bin/gnu/h-i686-mingw32/bin/../lib/gcc/nios2-elf/4.7.3\libgcc.a(_clzsi2.o)
 .comment       0x00000000       0x24 d:/altera/13.1/nios2eds/bin/gnu/h-i686-mingw32/bin/../lib/gcc/nios2-elf/4.7.3\libgcc.a(_pack_sf.o)
 .comment       0x00000000       0x24 d:/altera/13.1/nios2eds/bin/gnu/h-i686-mingw32/bin/../lib/gcc/nios2-elf/4.7.3\libgcc.a(_unpack_sf.o)
 .comment       0x00000000       0x24 d:/altera/13.1/nios2eds/bin/gnu/h-i686-mingw32/bin/../lib/gcc/nios2-elf/4.7.3\libgcc.a(_pack_df.o)
 .comment       0x00000000       0x24 d:/altera/13.1/nios2eds/bin/gnu/h-i686-mingw32/bin/../lib/gcc/nios2-elf/4.7.3\libgcc.a(_unpack_df.o)
 .comment       0x00000000       0x24 d:/altera/13.1/nios2eds/bin/gnu/h-i686-mingw32/bin/../lib/gcc/nios2-elf/4.7.3\libgcc.a(_fpcmp_parts_df.o)
 .comment       0x00000000       0x24 d:/altera/13.1/nios2eds/bin/gnu/h-i686-mingw32/bin/../lib/gcc/nios2-elf/4.7.3\libgcc.a(_lshrdi3.o)
 .comment       0x00000000       0x24 d:/altera/13.1/nios2eds/bin/gnu/h-i686-mingw32/bin/../lib/gcc/nios2-elf/4.7.3\libgcc.a(_ashldi3.o)
 .comment       0x00000000       0x24 d:/altera/13.1/nios2eds/bin/gnu/h-i686-mingw32/bin/../lib/gcc/nios2-elf/4.7.3\libgcc.a(_clz.o)
 .comment       0x00000000       0x24 d:/altera/13.1/nios2eds/bin/gnu/h-i686-mingw32/bin/../lib/gcc/nios2-elf/4.7.3/../../../../../H-i686-mingw32/nios2-elf/lib\libc.a(lib_a-sprintf.o)
 .comment       0x00000000       0x24 d:/altera/13.1/nios2eds/bin/gnu/h-i686-mingw32/bin/../lib/gcc/nios2-elf/4.7.3/../../../../../H-i686-mingw32/nios2-elf/lib\libc.a(lib_a-vfprintf.o)
 .comment       0x00000000       0x24 d:/altera/13.1/nios2eds/bin/gnu/h-i686-mingw32/bin/../lib/gcc/nios2-elf/4.7.3/../../../../../H-i686-mingw32/nios2-elf/lib\libc.a(lib_a-wsetup.o)
 .comment       0x00000000       0x24 d:/altera/13.1/nios2eds/bin/gnu/h-i686-mingw32/bin/../lib/gcc/nios2-elf/4.7.3/../../../../../H-i686-mingw32/nios2-elf/lib\libc.a(lib_a-dtoa.o)
 .comment       0x00000000       0x24 d:/altera/13.1/nios2eds/bin/gnu/h-i686-mingw32/bin/../lib/gcc/nios2-elf/4.7.3/../../../../../H-i686-mingw32/nios2-elf/lib\libc.a(lib_a-fflush.o)
 .comment       0x00000000       0x24 d:/altera/13.1/nios2eds/bin/gnu/h-i686-mingw32/bin/../lib/gcc/nios2-elf/4.7.3/../../../../../H-i686-mingw32/nios2-elf/lib\libc.a(lib_a-findfp.o)
 .comment       0x00000000       0x24 d:/altera/13.1/nios2eds/bin/gnu/h-i686-mingw32/bin/../lib/gcc/nios2-elf/4.7.3/../../../../../H-i686-mingw32/nios2-elf/lib\libc.a(lib_a-freer.o)
 .comment       0x00000000       0x24 d:/altera/13.1/nios2eds/bin/gnu/h-i686-mingw32/bin/../lib/gcc/nios2-elf/4.7.3/../../../../../H-i686-mingw32/nios2-elf/lib\libc.a(lib_a-fvwrite.o)
 .comment       0x00000000       0x24 d:/altera/13.1/nios2eds/bin/gnu/h-i686-mingw32/bin/../lib/gcc/nios2-elf/4.7.3/../../../../../H-i686-mingw32/nios2-elf/lib\libc.a(lib_a-fwalk.o)
 .comment       0x00000000       0x24 d:/altera/13.1/nios2eds/bin/gnu/h-i686-mingw32/bin/../lib/gcc/nios2-elf/4.7.3/../../../../../H-i686-mingw32/nios2-elf/lib\libc.a(lib_a-impure.o)
 .comment       0x00000000       0x24 d:/altera/13.1/nios2eds/bin/gnu/h-i686-mingw32/bin/../lib/gcc/nios2-elf/4.7.3/../../../../../H-i686-mingw32/nios2-elf/lib\libc.a(lib_a-locale.o)
 .comment       0x00000000       0x24 d:/altera/13.1/nios2eds/bin/gnu/h-i686-mingw32/bin/../lib/gcc/nios2-elf/4.7.3/../../../../../H-i686-mingw32/nios2-elf/lib\libc.a(lib_a-makebuf.o)
 .comment       0x00000000       0x24 d:/altera/13.1/nios2eds/bin/gnu/h-i686-mingw32/bin/../lib/gcc/nios2-elf/4.7.3/../../../../../H-i686-mingw32/nios2-elf/lib\libc.a(lib_a-mallocr.o)
 .comment       0x00000000       0x24 d:/altera/13.1/nios2eds/bin/gnu/h-i686-mingw32/bin/../lib/gcc/nios2-elf/4.7.3/../../../../../H-i686-mingw32/nios2-elf/lib\libc.a(lib_a-memchr.o)
 .comment       0x00000000       0x24 d:/altera/13.1/nios2eds/bin/gnu/h-i686-mingw32/bin/../lib/gcc/nios2-elf/4.7.3/../../../../../H-i686-mingw32/nios2-elf/lib\libc.a(lib_a-memcpy.o)
 .comment       0x00000000       0x24 d:/altera/13.1/nios2eds/bin/gnu/h-i686-mingw32/bin/../lib/gcc/nios2-elf/4.7.3/../../../../../H-i686-mingw32/nios2-elf/lib\libc.a(lib_a-memmove.o)
 .comment       0x00000000       0x24 d:/altera/13.1/nios2eds/bin/gnu/h-i686-mingw32/bin/../lib/gcc/nios2-elf/4.7.3/../../../../../H-i686-mingw32/nios2-elf/lib\libc.a(lib_a-memset.o)
 .comment       0x00000000       0x24 d:/altera/13.1/nios2eds/bin/gnu/h-i686-mingw32/bin/../lib/gcc/nios2-elf/4.7.3/../../../../../H-i686-mingw32/nios2-elf/lib\libc.a(lib_a-mprec.o)
 .comment       0x00000000       0x24 d:/altera/13.1/nios2eds/bin/gnu/h-i686-mingw32/bin/../lib/gcc/nios2-elf/4.7.3/../../../../../H-i686-mingw32/nios2-elf/lib\libc.a(lib_a-reallocr.o)
 .comment       0x00000000       0x24 d:/altera/13.1/nios2eds/bin/gnu/h-i686-mingw32/bin/../lib/gcc/nios2-elf/4.7.3/../../../../../H-i686-mingw32/nios2-elf/lib\libc.a(lib_a-s_isinfd.o)
 .comment       0x00000000       0x24 d:/altera/13.1/nios2eds/bin/gnu/h-i686-mingw32/bin/../lib/gcc/nios2-elf/4.7.3/../../../../../H-i686-mingw32/nios2-elf/lib\libc.a(lib_a-s_isnand.o)
 .comment       0x00000000       0x24 d:/altera/13.1/nios2eds/bin/gnu/h-i686-mingw32/bin/../lib/gcc/nios2-elf/4.7.3/../../../../../H-i686-mingw32/nios2-elf/lib\libc.a(lib_a-sbrkr.o)
 .comment       0x00000000       0x24 d:/altera/13.1/nios2eds/bin/gnu/h-i686-mingw32/bin/../lib/gcc/nios2-elf/4.7.3/../../../../../H-i686-mingw32/nios2-elf/lib\libc.a(lib_a-stdio.o)
 .comment       0x00000000       0x24 d:/altera/13.1/nios2eds/bin/gnu/h-i686-mingw32/bin/../lib/gcc/nios2-elf/4.7.3/../../../../../H-i686-mingw32/nios2-elf/lib\libc.a(lib_a-strcmp.o)
 .comment       0x00000000       0x24 d:/altera/13.1/nios2eds/bin/gnu/h-i686-mingw32/bin/../lib/gcc/nios2-elf/4.7.3/../../../../../H-i686-mingw32/nios2-elf/lib\libc.a(lib_a-strlen.o)
 .comment       0x00000000       0x24 d:/altera/13.1/nios2eds/bin/gnu/h-i686-mingw32/bin/../lib/gcc/nios2-elf/4.7.3/../../../../../H-i686-mingw32/nios2-elf/lib\libc.a(lib_a-writer.o)
 .comment       0x00000000       0x24 d:/altera/13.1/nios2eds/bin/gnu/h-i686-mingw32/bin/../lib/gcc/nios2-elf/4.7.3/../../../../../H-i686-mingw32/nios2-elf/lib\libc.a(lib_a-callocr.o)
 .comment       0x00000000       0x24 d:/altera/13.1/nios2eds/bin/gnu/h-i686-mingw32/bin/../lib/gcc/nios2-elf/4.7.3/../../../../../H-i686-mingw32/nios2-elf/lib\libc.a(lib_a-closer.o)
 .comment       0x00000000       0x24 d:/altera/13.1/nios2eds/bin/gnu/h-i686-mingw32/bin/../lib/gcc/nios2-elf/4.7.3/../../../../../H-i686-mingw32/nios2-elf/lib\libc.a(lib_a-fclose.o)
 .comment       0x00000000       0x24 d:/altera/13.1/nios2eds/bin/gnu/h-i686-mingw32/bin/../lib/gcc/nios2-elf/4.7.3/../../../../../H-i686-mingw32/nios2-elf/lib\libc.a(lib_a-fstatr.o)
 .comment       0x00000000       0x24 d:/altera/13.1/nios2eds/bin/gnu/h-i686-mingw32/bin/../lib/gcc/nios2-elf/4.7.3/../../../../../H-i686-mingw32/nios2-elf/lib\libc.a(lib_a-int_errno.o)
 .comment       0x00000000       0x24 d:/altera/13.1/nios2eds/bin/gnu/h-i686-mingw32/bin/../lib/gcc/nios2-elf/4.7.3/../../../../../H-i686-mingw32/nios2-elf/lib\libc.a(lib_a-isattyr.o)
 .comment       0x00000000       0x24 d:/altera/13.1/nios2eds/bin/gnu/h-i686-mingw32/bin/../lib/gcc/nios2-elf/4.7.3/../../../../../H-i686-mingw32/nios2-elf/lib\libc.a(lib_a-lseekr.o)
 .comment       0x00000000       0x24 d:/altera/13.1/nios2eds/bin/gnu/h-i686-mingw32/bin/../lib/gcc/nios2-elf/4.7.3/../../../../../H-i686-mingw32/nios2-elf/lib\libc.a(lib_a-readr.o)
 .comment       0x00000000       0x24 d:/altera/13.1/nios2eds/bin/gnu/h-i686-mingw32/bin/../lib/gcc/nios2-elf/4.7.3\libgcc.a(_udivdi3.o)
 .comment       0x00000000       0x24 d:/altera/13.1/nios2eds/bin/gnu/h-i686-mingw32/bin/../lib/gcc/nios2-elf/4.7.3\libgcc.a(_umoddi3.o)
 .comment       0x00000000       0x24 d:/altera/13.1/nios2eds/bin/gnu/h-i686-mingw32/bin/../lib/gcc/nios2-elf/4.7.3\libgcc.a(_mul_df.o)
 .comment       0x00000000       0x24 d:/altera/13.1/nios2eds/bin/gnu/h-i686-mingw32/bin/../lib/gcc/nios2-elf/4.7.3\libgcc.a(_div_df.o)
 .comment       0x00000000       0x24 d:/altera/13.1/nios2eds/bin/gnu/h-i686-mingw32/bin/../lib/gcc/nios2-elf/4.7.3\libgcc.a(_eq_df.o)
 .comment       0x00000000       0x24 d:/altera/13.1/nios2eds/bin/gnu/h-i686-mingw32/bin/../lib/gcc/nios2-elf/4.7.3\libgcc.a(_ne_df.o)
 .comment       0x00000000       0x24 d:/altera/13.1/nios2eds/bin/gnu/h-i686-mingw32/bin/../lib/gcc/nios2-elf/4.7.3\libgcc.a(_gt_df.o)
 .comment       0x00000000       0x24 d:/altera/13.1/nios2eds/bin/gnu/h-i686-mingw32/bin/../lib/gcc/nios2-elf/4.7.3\libgcc.a(_lt_df.o)
 .comment       0x00000000       0x24 d:/altera/13.1/nios2eds/bin/gnu/h-i686-mingw32/bin/../lib/gcc/nios2-elf/4.7.3\libgcc.a(_si_to_df.o)
 .comment       0x00000000       0x24 d:/altera/13.1/nios2eds/bin/gnu/h-i686-mingw32/bin/../lib/gcc/nios2-elf/4.7.3\libgcc.a(_muldi3.o)
 .comment       0x00000000       0x24 ../AIRTEST_bsp/\libhal_bsp.a(alt_close.o)
 .comment       0x00000000       0x24 ../AIRTEST_bsp/\libhal_bsp.a(alt_dev.o)
 .comment       0x00000000       0x24 ../AIRTEST_bsp/\libhal_bsp.a(alt_errno.o)
 .comment       0x00000000       0x24 ../AIRTEST_bsp/\libhal_bsp.a(alt_fstat.o)
 .comment       0x00000000       0x24 ../AIRTEST_bsp/\libhal_bsp.a(alt_iic.o)
 .comment       0x00000000       0x24 ../AIRTEST_bsp/\libhal_bsp.a(alt_iic_isr_register.o)
 .comment       0x00000000       0x24 ../AIRTEST_bsp/\libhal_bsp.a(alt_irq_handler.o)
 .comment       0x00000000       0x24 ../AIRTEST_bsp/\libhal_bsp.a(alt_irq_vars.o)
 .comment       0x00000000       0x24 ../AIRTEST_bsp/\libhal_bsp.a(alt_isatty.o)
 .comment       0x00000000       0x24 ../AIRTEST_bsp/\libhal_bsp.a(alt_load.o)
 .comment       0x00000000       0x24 ../AIRTEST_bsp/\libhal_bsp.a(alt_lseek.o)
 .comment       0x00000000       0x24 ../AIRTEST_bsp/\libhal_bsp.a(alt_main.o)
 .comment       0x00000000       0x24 ../AIRTEST_bsp/\libhal_bsp.a(alt_malloc_lock.o)
 .comment       0x00000000       0x24 ../AIRTEST_bsp/\libhal_bsp.a(alt_read.o)
 .comment       0x00000000       0x24 ../AIRTEST_bsp/\libhal_bsp.a(alt_release_fd.o)
 .comment       0x00000000       0x24 ../AIRTEST_bsp/\libhal_bsp.a(alt_sbrk.o)
 .comment       0x00000000       0x24 ../AIRTEST_bsp/\libhal_bsp.a(alt_usleep.o)
 .comment       0x00000000       0x24 ../AIRTEST_bsp/\libhal_bsp.a(alt_write.o)
 .comment       0x00000000       0x24 ../AIRTEST_bsp/\libhal_bsp.a(alt_sys_init.o)
 .comment       0x00000000       0x24 ../AIRTEST_bsp/\libhal_bsp.a(altera_avalon_epcs_flash_controller.o)
 .comment       0x00000000       0x24 ../AIRTEST_bsp/\libhal_bsp.a(altera_avalon_jtag_uart_fd.o)
 .comment       0x00000000       0x24 ../AIRTEST_bsp/\libhal_bsp.a(altera_avalon_jtag_uart_init.o)
 .comment       0x00000000       0x24 ../AIRTEST_bsp/\libhal_bsp.a(altera_avalon_jtag_uart_ioctl.o)
 .comment       0x00000000       0x24 ../AIRTEST_bsp/\libhal_bsp.a(altera_avalon_jtag_uart_read.o)
 .comment       0x00000000       0x24 ../AIRTEST_bsp/\libhal_bsp.a(altera_avalon_jtag_uart_write.o)
 .comment       0x00000000       0x24 ../AIRTEST_bsp/\libhal_bsp.a(altera_avalon_uart_fd.o)
 .comment       0x00000000       0x24 ../AIRTEST_bsp/\libhal_bsp.a(altera_avalon_uart_init.o)
 .comment       0x00000000       0x24 ../AIRTEST_bsp/\libhal_bsp.a(altera_avalon_uart_read.o)
 .comment       0x00000000       0x24 ../AIRTEST_bsp/\libhal_bsp.a(altera_avalon_uart_write.o)
 .comment       0x00000000       0x24 ../AIRTEST_bsp/\libhal_bsp.a(epcs_commands.o)
 .comment       0x00000000       0x24 ../AIRTEST_bsp/\libhal_bsp.a(alt_alarm_start.o)
 .comment       0x00000000       0x24 ../AIRTEST_bsp/\libhal_bsp.a(alt_busy_sleep.o)
 .comment       0x00000000       0x24 ../AIRTEST_bsp/\libhal_bsp.a(alt_dcache_flush_all.o)
 .comment       0x00000000       0x24 ../AIRTEST_bsp/\libhal_bsp.a(alt_dev_llist_insert.o)
 .comment       0x00000000       0x24 ../AIRTEST_bsp/\libhal_bsp.a(alt_do_ctors.o)
 .comment       0x00000000       0x24 ../AIRTEST_bsp/\libhal_bsp.a(alt_do_dtors.o)
 .comment       0x00000000       0x24 ../AIRTEST_bsp/\libhal_bsp.a(alt_flash_dev.o)
 .comment       0x00000000       0x24 ../AIRTEST_bsp/\libhal_bsp.a(alt_icache_flush_all.o)
 .comment       0x00000000       0x24 ../AIRTEST_bsp/\libhal_bsp.a(alt_io_redirect.o)
 .comment       0x00000000       0x24 ../AIRTEST_bsp/\libhal_bsp.a(alt_open.o)
 .comment       0x00000000       0x24 ../AIRTEST_bsp/\libhal_bsp.a(alt_tick.o)
 .comment       0x00000000       0x24 ../AIRTEST_bsp/\libhal_bsp.a(altera_nios2_qsys_irq.o)
 .comment       0x00000000       0x24 ../AIRTEST_bsp/\libhal_bsp.a(altera_avalon_spi.o)
 .comment       0x00000000       0x24 ../AIRTEST_bsp/\libhal_bsp.a(alt_find_dev.o)
 .comment       0x00000000       0x24 ../AIRTEST_bsp/\libhal_bsp.a(alt_find_file.o)
 .comment       0x00000000       0x24 ../AIRTEST_bsp/\libhal_bsp.a(alt_get_fd.o)
 .comment       0x00000000       0x24 ../AIRTEST_bsp/\libhal_bsp.a(alt_icache_flush.o)
 .comment       0x00000000       0x24 d:/altera/13.1/nios2eds/bin/gnu/h-i686-mingw32/bin/../lib/gcc/nios2-elf/4.7.3/../../../../../H-i686-mingw32/nios2-elf/lib\libc.a(lib_a-atexit.o)
 .comment       0x00000000       0x24 d:/altera/13.1/nios2eds/bin/gnu/h-i686-mingw32/bin/../lib/gcc/nios2-elf/4.7.3/../../../../../H-i686-mingw32/nios2-elf/lib\libc.a(lib_a-exit.o)
 .comment       0x00000000       0x24 d:/altera/13.1/nios2eds/bin/gnu/h-i686-mingw32/bin/../lib/gcc/nios2-elf/4.7.3/../../../../../H-i686-mingw32/nios2-elf/lib\libc.a(lib_a-memcmp.o)
 .comment       0x00000000       0x24 d:/altera/13.1/nios2eds/bin/gnu/h-i686-mingw32/bin/../lib/gcc/nios2-elf/4.7.3/../../../../../H-i686-mingw32/nios2-elf/lib\libc.a(lib_a-__atexit.o)
 .comment       0x00000000       0x24 d:/altera/13.1/nios2eds/bin/gnu/h-i686-mingw32/bin/../lib/gcc/nios2-elf/4.7.3/../../../../../H-i686-mingw32/nios2-elf/lib\libc.a(lib_a-__call_atexit.o)
 .comment       0x00000000       0x24 ../AIRTEST_bsp/\libhal_bsp.a(alt_exit.o)

.debug
 *(.debug)

.line
 *(.line)

.debug_srcinfo
 *(.debug_srcinfo)

.debug_sfnames
 *(.debug_sfnames)

.debug_aranges  0x00000000      0xff8
 *(.debug_aranges)
 .debug_aranges
                0x00000000       0x28 ../AIRTEST_bsp//obj/HAL/src/crt0.o
 .debug_aranges
                0x00000028       0x20 obj/default/inc/uart_co.o
 .debug_aranges
                0x00000048       0x20 obj/default/inc/uart_hmi.o
 .debug_aranges
                0x00000068       0x20 obj/default/inc/uart_no2.o
 .debug_aranges
                0x00000088       0x20 obj/default/inc/uart_o3.o
 .debug_aranges
                0x000000a8       0x20 obj/default/inc/uart_sds011.o
 .debug_aranges
                0x000000c8       0x20 obj/default/inc/uart_so2.o
 .debug_aranges
                0x000000e8       0x20 obj/default/main/main.o
 .debug_aranges
                0x00000108       0x20 d:/altera/13.1/nios2eds/bin/gnu/h-i686-mingw32/bin/../lib/gcc/nios2-elf/4.7.3\libgcc.a(_fixunsdfsi.o)
 .debug_aranges
                0x00000128       0x20 d:/altera/13.1/nios2eds/bin/gnu/h-i686-mingw32/bin/../lib/gcc/nios2-elf/4.7.3\libgcc.a(_div_sf.o)
 .debug_aranges
                0x00000148       0x20 d:/altera/13.1/nios2eds/bin/gnu/h-i686-mingw32/bin/../lib/gcc/nios2-elf/4.7.3\libgcc.a(_si_to_sf.o)
 .debug_aranges
                0x00000168       0x20 d:/altera/13.1/nios2eds/bin/gnu/h-i686-mingw32/bin/../lib/gcc/nios2-elf/4.7.3\libgcc.a(_sf_to_df.o)
 .debug_aranges